Archive member included because of file (symbol)

C:\Program Files\CodeSourcery\Sourcery G++ Lite/arm-none-eabi/lib\libc.a(lib_a-atoi.o)
                              Uart.o (atoi)
C:\Program Files\CodeSourcery\Sourcery G++ Lite/arm-none-eabi/lib\libc.a(lib_a-ctype_.o)
                              Uart.o (__ctype_ptr__)
C:\Program Files\CodeSourcery\Sourcery G++ Lite/arm-none-eabi/lib\libc.a(lib_a-locale.o)
                              runtime.o (setlocale)
C:\Program Files\CodeSourcery\Sourcery G++ Lite/arm-none-eabi/lib\libc.a(lib_a-memcpy.o)
                              Camera.o (memcpy)
C:\Program Files\CodeSourcery\Sourcery G++ Lite/arm-none-eabi/lib\libc.a(lib_a-rand.o)
                              Main.o (rand)
C:\Program Files\CodeSourcery\Sourcery G++ Lite/arm-none-eabi/lib\libc.a(lib_a-strcmp.o)
                              C:\Program Files\CodeSourcery\Sourcery G++ Lite/arm-none-eabi/lib\libc.a(lib_a-locale.o) (strcmp)
C:\Program Files\CodeSourcery\Sourcery G++ Lite/arm-none-eabi/lib\libc.a(lib_a-strlen.o)
                              Uart.o (strlen)
C:\Program Files\CodeSourcery\Sourcery G++ Lite/arm-none-eabi/lib\libc.a(lib_a-strtok.o)
                              lyricsControl.o (strtok)
C:\Program Files\CodeSourcery\Sourcery G++ Lite/arm-none-eabi/lib\libc.a(lib_a-strtok_r.o)
                              C:\Program Files\CodeSourcery\Sourcery G++ Lite/arm-none-eabi/lib\libc.a(lib_a-strtok.o) (__strtok_r)
C:\Program Files\CodeSourcery\Sourcery G++ Lite/arm-none-eabi/lib\libc.a(lib_a-strtol.o)
                              C:\Program Files\CodeSourcery\Sourcery G++ Lite/arm-none-eabi/lib\libc.a(lib_a-atoi.o) (_strtol_r)
C:\Program Files\CodeSourcery\Sourcery G++ Lite/arm-none-eabi/lib\libc.a(lib_a-vsprintf.o)
                              Graphics.o (vsprintf)
C:\Program Files\CodeSourcery\Sourcery G++ Lite/arm-none-eabi/lib\libc.a(lib_a-impure.o)
                              C:\Program Files\CodeSourcery\Sourcery G++ Lite/arm-none-eabi/lib\libc.a(lib_a-locale.o) (_impure_ptr)
C:\Program Files\CodeSourcery\Sourcery G++ Lite/arm-none-eabi/lib\libc.a(lib_a-svfprintf.o)
                              C:\Program Files\CodeSourcery\Sourcery G++ Lite/arm-none-eabi/lib\libc.a(lib_a-vsprintf.o) (_svfprintf_r)
C:\Program Files\CodeSourcery\Sourcery G++ Lite/arm-none-eabi/lib\libc.a(lib_a-dtoa.o)
                              C:\Program Files\CodeSourcery\Sourcery G++ Lite/arm-none-eabi/lib\libc.a(lib_a-svfprintf.o) (_dtoa_r)
C:\Program Files\CodeSourcery\Sourcery G++ Lite/arm-none-eabi/lib\libc.a(lib_a-freer.o)
                              C:\Program Files\CodeSourcery\Sourcery G++ Lite/arm-none-eabi/lib\libc.a(lib_a-svfprintf.o) (_free_r)
C:\Program Files\CodeSourcery\Sourcery G++ Lite/arm-none-eabi/lib\libc.a(lib_a-mallocr.o)
                              C:\Program Files\CodeSourcery\Sourcery G++ Lite/arm-none-eabi/lib\libc.a(lib_a-svfprintf.o) (_malloc_r)
C:\Program Files\CodeSourcery\Sourcery G++ Lite/arm-none-eabi/lib\libc.a(lib_a-memchr.o)
                              C:\Program Files\CodeSourcery\Sourcery G++ Lite/arm-none-eabi/lib\libc.a(lib_a-svfprintf.o) (memchr)
C:\Program Files\CodeSourcery\Sourcery G++ Lite/arm-none-eabi/lib\libc.a(lib_a-memmove.o)
                              C:\Program Files\CodeSourcery\Sourcery G++ Lite/arm-none-eabi/lib\libc.a(lib_a-svfprintf.o) (memmove)
C:\Program Files\CodeSourcery\Sourcery G++ Lite/arm-none-eabi/lib\libc.a(lib_a-mlock.o)
                              C:\Program Files\CodeSourcery\Sourcery G++ Lite/arm-none-eabi/lib\libc.a(lib_a-freer.o) (__malloc_lock)
C:\Program Files\CodeSourcery\Sourcery G++ Lite/arm-none-eabi/lib\libc.a(lib_a-mprec.o)
                              C:\Program Files\CodeSourcery\Sourcery G++ Lite/arm-none-eabi/lib\libc.a(lib_a-dtoa.o) (_Bfree)
C:\Program Files\CodeSourcery\Sourcery G++ Lite/arm-none-eabi/lib\libc.a(lib_a-reallocr.o)
                              C:\Program Files\CodeSourcery\Sourcery G++ Lite/arm-none-eabi/lib\libc.a(lib_a-svfprintf.o) (_realloc_r)
C:\Program Files\CodeSourcery\Sourcery G++ Lite/arm-none-eabi/lib\libc.a(lib_a-s_isinfd.o)
                              C:\Program Files\CodeSourcery\Sourcery G++ Lite/arm-none-eabi/lib\libc.a(lib_a-svfprintf.o) (__isinfd)
C:\Program Files\CodeSourcery\Sourcery G++ Lite/arm-none-eabi/lib\libc.a(lib_a-s_isnand.o)
                              C:\Program Files\CodeSourcery\Sourcery G++ Lite/arm-none-eabi/lib\libc.a(lib_a-svfprintf.o) (__isnand)
C:\Program Files\CodeSourcery\Sourcery G++ Lite/arm-none-eabi/lib\libc.a(lib_a-sbrkr.o)
                              C:\Program Files\CodeSourcery\Sourcery G++ Lite/arm-none-eabi/lib\libc.a(lib_a-freer.o) (_sbrk_r)
C:\Program Files\CodeSourcery\Sourcery G++ Lite/arm-none-eabi/lib\libc.a(lib_a-callocr.o)
                              C:\Program Files\CodeSourcery\Sourcery G++ Lite/arm-none-eabi/lib\libc.a(lib_a-mprec.o) (_calloc_r)
[...]
Memory Configuration

Name             Origin             Length             Attributes
RAM              0x30000000         0x01000000         xrw
*default*        0x00000000         0xffffffff

Linker script and memory map

LOAD Acc.o
LOAD Adc.o
LOAD Buzzer.o
LOAD Camera.o
LOAD Dma.o
LOAD Exception.o
LOAD Graphics.o
LOAD IIS_Sound.o
LOAD Key.o
LOAD Led.o
LOAD Main.o
LOAD Nand.o
LOAD Rtc.o
LOAD Timer.o
LOAD Uart.o
LOAD Wdt.o
LOAD audioControl.o
LOAD lcdControl.o
LOAD lyricsControl.o
LOAD mmu.o
LOAD runtime.o
LOAD 2440slib.o
LOAD crt0.o
LOAD C:\Program Files\CodeSourcery\Sourcery G++ Lite/arm-none-eabi/lib\libc.a
LOAD C:\Program Files\CodeSourcery\Sourcery G++ Lite/lib/gcc/arm-none-eabi/4.4.1\libgcc.a

.text           0x30000000    0x183cc
 crt0.o(.text)
 .text          0x30000000      0x190 crt0.o
                0x30000000                __start
                0x30000020                HandlerIRQ
 *(.text)
 .text          0x30000190      0x4e4 Acc.o
                0x30000190                SPI1_Acc_Init
                0x300002d0                SPI1_Acc_Read
                0x3000032c                SPI1_Acc_Write
                0x30000378                SPI1_ACC_Read_ID
                0x300003d4                SPI1_ACC_Read_Status
                0x30000430                SPI1_ACC_Read_XYZ
                0x30000560                SPI1_ACC_Read_X
                0x300005bc                SPI1_ACC_Read_Y
                0x30000618                SPI1_ACC_Read_Z
 .text          0x30000674      0x36c Adc.o
                0x30000674                ADC_Start
                0x300006f0                ADC_ISR_Init
                0x30000778                Touch_Get_Data
                0x300007ec                Touch_ISR_Enable
                0x30000868                Touch_Get_Position
                0x30000988                Touch_Set_Wait_For_Release
 .text          0x300009e0       0xc8 Buzzer.o
                0x300009e0                Timer3_Buzzer_Init
                0x30000a24                Timer3_Buzzer_Beep
 .text          0x30000aa8     0x1fb4 Camera.o
                0x30000aa8                CAM_IIC_Set_Output
                0x30000acc                CAM_IIC_Set_Input
                0x30000af0                CAM_IIC_Out_Clock
                0x30000b0c                CAM_IIC_Out_Data
                0x30000b28                CAM_IIC_In_Data
                0x30000b3c                CAM_IIC_Delay
                0x30000b40                CAM_IIC_Start
                0x30000b88                CAM_IIC_Stop
                0x30000bdc                CAM_IIC_Out_Bit
                0x30000c2c                CAM_IIC_In_Bit
                0x30000c74                CAM_Port_Init
                0x30000cb8                CAM_If_Reset
                0x30000cd8                CAM_Sensor_Enable
                0x30000cfc                CalculatePrescalerRatioShift
                0x30000d9c                CAM_Capture_Restart
                0x30000dc8                CAM_Capture_Pause
                0x30000e10                CAM_Get_Image_Address
                0x30000e74                CAM_Interrupt_Enable
                0x30000ecc                CAM_Get_Capture_Status
                0x30000ee8                CAM_Set_Capture_Status
                0x30000ef8                CAM_Check_Image_Ready
                0x30000f94                CAM_Capture_Stop
                0x30000fdc                CAM_IIC_Out_Byte
                0x30001258                CAM_IIC_In_Byte
                0x30001478                CAM_Init
                0x300014fc                CAM_Camera_Init
                0x30001568                CAM_IIC_Read
                0x30002000                CAM_IIC_Write
                0x3000282c                CAM_Module_Init
                0x3000288c                CAM_XY_Flip
                0x300028bc                CAM_Capture_Run
 .text          0x30002a5c      0x204 Dma.o
                0x30002a5c                DMA_Start
                0x30002b18                DMA_Stop
                0x30002b4c                DMA_Timer_Select
                0x30002b74                DMA_Uart0_Ch0_Select
                0x30002bc0                DMA_Uart1_Ch1_Select
                0x30002c10                DMA_Uart2_Ch3_Select
 .text          0x30002c60      0x480 Exception.o
                0x30002c60                WDT_ISR
                0x30002c94                RTC_Tick_ISR
                0x30002cc0                RTC_ISR
                0x30002cec                TIMER0_ISR
                0x30002d18                UART0_ISR
                0x30002d58                EINT0_ISR
                0x30002d80                SWI_Handler
                0x30002d9c                Dabort_Handler
                0x30002db8                Pabort_Handler
                0x30002dd4                Undef_Handler
                0x30002df0                FIQ_Handler
                0x30002e0c                Invalid_ISR
                0x30002e2c                EINT4_7_ISR
                0x30002e8c                DMA3_ISR
                0x30002ed4                DMA2_ISR
                0x30002f1c                DMA1_ISR
                0x30002f64                DMA0_ISR
                0x30002fac                ADC_ISR
                0x300030a0                CAM_ISR
 .text          0x300030e0     0x4e1c Graphics.o
                0x300030e0                SPI0_LCD_Init
                0x30003130                SPI0_LCD_Write
                0x30003214                Lcd_Reset
                0x30003230                Lcd_Port_Init
                0x30003294                Lcd_Envid_On_Off
                0x300032b4                Lcd_Power_Enable
                0x300032cc                Lcd_Init
                0x30003324                Lcd_Set_Address
                0x30003368                Lcd_Select_Buffer_Mode
                0x300033f8                Lcd_Set_Virtual_Display_Start
                0x30003470                Lcd_Select_Draw_Frame_Buffer
                0x300034c4                Lcd_Wait_Blank
                0x300034d8                Lcd_Set_Trans_Mode
                0x300034f8                Lcd_Set_Shape_Mode
                0x30003518                Lcd_Set_Shape_Back_Image_Mode
                0x30003548                Lcd_Put_Pixel
                0x300037d4                Lcd_Get_Pixel_24bpp
                0x30003838                Lcd_Draw_Backup_24bpp
                0x300039cc                Lcd_Draw_BMP_Tile
                0x30003b48                Lcd_Draw_Image_Tile
                0x30003cc4                Lcd_Clr_Screen
                0x30003d48                Lcd_Draw_BMP_File_24bpp
                0x30003fe4                Lcd_Get_Info_BMP
                0x30003ff8                Lcd_Draw_BMP
                0x30004168                Lcd_Draw_Image
                0x300042d0                Lcd_Put_Cam_Pixel
                0x30004384                Lcd_Draw_Line
                0x30004dcc                Lcd_Draw_Hline
                0x30004ecc                Lcd_Draw_Vline
                0x30004fc4                Lcd_Draw_Bar
                0x300050ec                Lcd_Han_Putch
                0x30005c00                Lcd_Eng_Putch
                0x30005fb8                Lcd_Puts
                0x30006090                Lcd_Draw_Rect
                0x30006494                Lcd_Select_Display_Frame_Buffer
                0x30006578                Lcd_Save_Backup_24bpp
                0x300067f8                Lcd_Draw_Cam_Image
                0x30006bd8                Lcd_Draw_Cam_Image_Large
                0x30006fcc                Lcd_Printf
                0x300070bc                Lcd_Control_Brightness
                0x300071bc                Lcd_Graphic_Init
 .text          0x30007efc     0x1480 IIS_Sound.o
                0x30007efc                WM8973_IIC_Write
                0x30007fbc                Sound_Set_Sampling_Rate
                0x30008048                Sound_Play_Pause
                0x30008064                Sound_IIS_Start
                0x30008078                Sound_Set_Mode
                0x300081a0                Sound_Get_WAV_Info
                0x300081bc                Sound_Set_Tempo
                0x30008278                WM8973_Init
                0x3000834c                Sound_Control_Output_Select
                0x30008420                Sound_Control_Soft_Mute
                0x30008568                Sound_Stop_Sound
                0x30008648                Sound_Control_Headphone_Volume
                0x30008bfc                Sound_Control_Speaker_Volume
                0x300091b0                Sound_Init
 .text          0x3000937c      0x884 Key.o
                0x3000937c                Key_Poll_Init
                0x300093b4                Key_Get_Pressed
                0x300094f4                Key_Get_Pressed_Multi
                0x30009628                Key_Push_ISR_Init
                0x3000966c                Key_Push_ISR_Enable
                0x30009698                Key_ISR_Init
                0x300096e4                Key_ISR_Enable
                0x30009748                Key_Wait_Key_Pressed_Multi
                0x30009868                Key_Wait_Key_Released_Multi
                0x30009990                Key_Wait_Key_Released
                0x30009ac4                Key_Wait_Key_Pressed
 .text          0x30009c00       0x44 Led.o
                0x30009c00                Led_Init
                0x30009c24                Led_Display
 .text          0x30009c44       0x9c Main.o
                0x30009c44                generateRandomNumber
                0x30009c70                User_Main
                0x30009c88                Main
 .text          0x30009ce0     0x387c Nand.o
                0x30009ce0                Nand_Page_2_Addr
                0x30009d00                Nand_Addr_2_Page
                0x30009d34                Nand_Init
                0x30009db4                Nand_Reset
                0x30009dfc                Nand_Check_Device
                0x30009e58                NF8_Read_nByte_SA
                0x30009f40                Format_Nand_Erase_Block
                0x3000a008                Format_Nand_Read_Bytes
                0x3000a0ec                Format_Nand_Read_Page
                0x3000a1ac                Format_Nand_Verify_Erased_Page
                0x3000a280                Format_Nand_Verify_Page
                0x3000a370                Format_Nand_Write_Page
                0x3000a494                Format_Nand_Read_Block
                0x3000a590                Format_Nand_Verify_Block
                0x3000a6f0                Format_Nand_Verify_Erased_Block
                0x3000a82c                Format_Nand_Write_Block
                0x3000a9a4                Trace_Nand_Remap
                0x3000adbc                Check_Remap_Block
                0x3000af04                Nand_Verify_Page
                0x3000b024                Nand_Read_Page
                0x3000b114                Nand_Write_Page
                0x3000b264                Nand_Verify_Erased_Page
                0x3000b36c                Nand_Erase_Block
                0x3000b458                Check_Remap_Address
                0x3000b4cc                Nand_Read_Block
                0x3000b604                Nand_Verify_Block
                0x3000b7a4                Nand_Verify_Erased_Block
                0x3000b914                Nand_Write_Block
                0x3000bad4                Nand_Verify_Small_Area
                0x3000bddc                Nand_Verify
                0x3000c00c                Nand_Verify_Erased_Small_Area
                0x3000c1c4                Nand_Read_Bytes
                0x3000c348                Nand_Write_Small_Area
                0x3000c610                Nand_Write
                0x3000c848                Nand_Write_Bytes
                0x3000c9d0                Nand_Read_Small_Area
                0x3000cc3c                Nand_Read
                0x3000cdf0                Nand_Verify_Bytes
                0x3000cf54                Nand_Verify_Erased
 .text          0x3000d55c      0x480 Rtc.o
                0x3000d55c                RTC_Set_Time
                0x3000d66c                RTC_Get_Time
                0x3000d6c0                RTC_Set_Alarm_Enable
                0x3000d768                RTC_Set_Alarm
                0x3000d870                RTC_Get_Alarm
                0x3000d920                RTC_Tick_ISR_Enable
 .text          0x3000d9dc      0x710 Timer.o
                0x3000d9dc                Timer0_Stop_Watch_Run
                0x3000da30                Timer0_Stop_Watch_Stop
                0x3000da58                Timer0_Stop_Watch_Run_Unlimited
                0x3000db84                Timer0_Stop_Watch_Stop_Unlimited
                0x3000dc68                Timer0_Delay
                0x3000dd68                Timer0_Repeat
                0x3000ddd0                Timer0_Check_Timeout
                0x3000ddec                Timer0_Stop
                0x3000de00                Timer0_Set_Time
                0x3000de1c                Timer0_Delay_ISR_Enable
                0x3000dec4                Timer0_Repeat_ISR_Enable
                0x3000df6c                Timer1_Stopwatch_Run
                0x3000dfbc                Timer1_Stopwatch_Stop
                0x3000dfe0                Timer4_Init
                0x3000e010                Timer4_Delay
 .text          0x3000e0ec      0x6bc Uart.o
                0x3000e0ec                Uart_Init
                0x3000e174                Uart_Get_Char
                0x3000e190                Uart_Get_Pressed
                0x3000e1a8                Uart_ISR_Enable
                0x3000e234                Uart_Send_Byte
                0x3000e288                Uart_Send_String
                0x3000e2f4                Uart_Printf
                0x3000e380                Uart_GetString
                0x3000e460                Uart_GetIntNum
 .text          0x3000e7a8      0x130 Wdt.o
                0x3000e7a8                WDT_Start
                0x3000e7ec                WDT_ISR_Enable
                0x3000e8a4                WDT_Clear
                0x3000e8b8                WDT_Reset_Enable
 .text          0x3000e8d8      0x888 audioControl.o
                0x3000e8d8                changeSong
                0x3000e984                changeVolume
                0x3000e9e0                pauseAndPlayAudio
                0x3000ea14                Read_WAV_From_Nand
                0x3000eb18                playAudio
                0x3000ef10                readyAudio
                0x3000f114                chooseSongToPlay
 .text          0x3000f160      0x3f8 lcdControl.o
                0x3000f160                toggleRepeatIcon
                0x3000f198                toggleShuffleIcon
                0x3000f1d0                drawProgressBar
                0x3000f20c                togglePlayIcon
                0x3000f2a0                showVolume
                0x3000f2ec                showMusicList
                0x3000f3a0                drawSongUI
                0x3000f400                drawPlayerUI
 .text          0x3000f558      0x460 lyricsControl.o
                0x3000f558                drawLyrics
                0x3000f688                checkLyrics
                0x3000f82c                initLyrics
 .text          0x3000f9b8      0x72c mmu.o
                0x3000f9b8                MMU_SetMTT
                0x3000fa88                MMU_Init
 .text          0x300100e4       0x94 runtime.o
                0x300100e4                _sbrk
                0x30010124                Get_Stack_Base
                0x30010130                Get_Stack_Limit
                0x3001013c                Get_Heap_Base
                0x30010144                Get_Heap_Limit
                0x30010150                Run_Time_Config
 .text          0x30010178      0x184 2440slib.o
                0x30010178                SET_IF
                0x3001018c                WR_IF
                0x30010194                CLR_IF
                0x300101a4                MMU_EnableICache
                0x300101b4                MMU_DisableICache
                0x300101c4                MMU_EnableDCache
                0x300101d4                MMU_DisableDCache
                0x300101e4                MMU_EnableAlignFault
                0x300101f4                MMU_DisableAlignFault
                0x30010204                MMU_EnableMMU
                0x30010214                MMU_DisableMMU
                0x30010224                MMU_SetFastBusMode
                0x30010234                MMU_SetAsyncBusMode
                0x30010244                MMU_SetTTBase
                0x3001024c                MMU_SetDomain
                0x30010254                MMU_InvalidateIDCache
                0x3001025c                MMU_InvalidateICache
                0x30010264                MMU_InvalidateICacheMVA
                0x3001026c                MMU_PrefetchICacheMVA
                0x30010274                MMU_InvalidateDCache
                0x3001027c                MMU_InvalidateDCacheMVA
                0x30010284                MMU_CleanDCacheMVA
                0x3001028c                MMU_CleanInvalidateDCacheMVA
                0x30010294                MMU_CleanDCacheIndex
                0x3001029c                MMU_CleanInvalidateDCacheIndex
                0x300102a4                MMU_WaitForInterrupt
                0x300102ac                MMU_InvalidateTLB
                0x300102b4                MMU_InvalidateITLB
                0x300102bc                MMU_InvalidateITLBMVA
                0x300102c4                MMU_InvalidateDTLB
                0x300102cc                MMU_InvalidateDTLBMVA
                0x300102d4                MMU_SetDCacheLockdownBase
                0x300102dc                MMU_SetICacheLockdownBase
                0x300102e4                MMU_SetDTLBLockdown
                0x300102ec                MMU_SetITLBLockdown
                0x300102f4                MMU_SetProcessId
 .text          0x300102fc       0x30 C:\Program Files\CodeSourcery\Sourcery G++ Lite/arm-none-eabi/lib\libc.a(lib_a-atoi.o)
                0x300102fc                _atoi_r
                0x30010314                atoi
 .text          0x3001032c        0x0 C:\Program Files\CodeSourcery\Sourcery G++ Lite/arm-none-eabi/lib\libc.a(lib_a-ctype_.o)
 .text          0x3001032c       0xa4 C:\Program Files\CodeSourcery\Sourcery G++ Lite/arm-none-eabi/lib\libc.a(lib_a-locale.o)
                0x3001032c                __locale_charset
                0x3001033c                _localeconv_r
                0x30010348                localeconv
                0x30010354                _setlocale_r
                0x300103b4                setlocale
 .text          0x300103d0      0x204 C:\Program Files\CodeSourcery\Sourcery G++ Lite/arm-none-eabi/lib\libc.a(lib_a-memcpy.o)
                0x300103d0                memcpy
 .text          0x300105d4       0x78 C:\Program Files\CodeSourcery\Sourcery G++ Lite/arm-none-eabi/lib\libc.a(lib_a-rand.o)
                0x300105d4                srand
                0x300105f0                rand
 .text          0x3001064c      0x230 C:\Program Files\CodeSourcery\Sourcery G++ Lite/arm-none-eabi/lib\libc.a(lib_a-strcmp.o)
                0x3001064c                strcmp
 .text          0x3001087c       0x60 C:\Program Files\CodeSourcery\Sourcery G++ Lite/arm-none-eabi/lib\libc.a(lib_a-strlen.o)
                0x3001087c                strlen
 .text          0x300108dc       0x24 C:\Program Files\CodeSourcery\Sourcery G++ Lite/arm-none-eabi/lib\libc.a(lib_a-strtok.o)
                0x300108dc                strtok
 .text          0x30010900       0xbc C:\Program Files\CodeSourcery\Sourcery G++ Lite/arm-none-eabi/lib\libc.a(lib_a-strtok_r.o)
                0x30010900                __strtok_r
                0x300109b4                strtok_r
 .text          0x300109bc      0x1d4 C:\Program Files\CodeSourcery\Sourcery G++ Lite/arm-none-eabi/lib\libc.a(lib_a-strtol.o)
                0x300109bc                _strtol_r
                0x30010b64                strtol
 .text          0x30010b90       0x7c C:\Program Files\CodeSourcery\Sourcery G++ Lite/arm-none-eabi/lib\libc.a(lib_a-vsprintf.o)
                0x30010b90                _vsprintf_r
                0x30010be0                vsprintf
 .text          0x30010c0c        0x0 C:\Program Files\CodeSourcery\Sourcery G++ Lite/arm-none-eabi/lib\libc.a(lib_a-impure.o)
 .text          0x30010c0c     0x2118 C:\Program Files\CodeSourcery\Sourcery G++ Lite/arm-none-eabi/lib\libc.a(lib_a-svfprintf.o)
                0x30010d94                _svfprintf_r
 *fill*         0x30012d24        0x4 00
 .text          0x30012d28     0x17e0 C:\Program Files\CodeSourcery\Sourcery G++ Lite/arm-none-eabi/lib\libc.a(lib_a-dtoa.o)
                0x30012f10                _dtoa_r
 .text          0x30014508      0x370 C:\Program Files\CodeSourcery\Sourcery G++ Lite/arm-none-eabi/lib\libc.a(lib_a-freer.o)
                0x30014508                _malloc_trim_r
                0x30014604                _free_r
 .text          0x30014878      0x71c C:\Program Files\CodeSourcery\Sourcery G++ Lite/arm-none-eabi/lib\libc.a(lib_a-mallocr.o)
                0x30014878                _malloc_r
 .text          0x30014f94       0xd4 C:\Program Files\CodeSourcery\Sourcery G++ Lite/arm-none-eabi/lib\libc.a(lib_a-memchr.o)
                0x30014f94                memchr
 .text          0x30015068      0x134 C:\Program Files\CodeSourcery\Sourcery G++ Lite/arm-none-eabi/lib\libc.a(lib_a-memmove.o)
                0x30015068                memmove
 .text          0x3001519c        0x8 C:\Program Files\CodeSourcery\Sourcery G++ Lite/arm-none-eabi/lib\libc.a(lib_a-mlock.o)
                0x3001519c                __malloc_lock
                0x300151a0                __malloc_unlock
 .text          0x300151a4      0xd98 C:\Program Files\CodeSourcery\Sourcery G++ Lite/arm-none-eabi/lib\libc.a(lib_a-mprec.o)
                0x300151a4                _Bfree
                0x300151c0                __hi0bits
                0x30015218                __lo0bits
                0x300152ac                __mcmp
                0x30015314                __ulp
                0x30015374                __b2d
                0x30015438                __ratio
                0x300154dc                _mprec_log10
                0x3001552c                __copybits
                0x300155a8                __any_on
                0x30015630                _Balloc
                0x300156b8                __d2b
                0x300157c8                __mdiff
                0x30015948                __lshift
                0x30015a5c                __multiply
                0x30015c50                __i2b
                0x30015c74                __multadd
                0x30015d58                __pow5mult
                0x30015e54                __s2b
 .text          0x30015f3c      0x4f4 C:\Program Files\CodeSourcery\Sourcery G++ Lite/arm-none-eabi/lib\libc.a(lib_a-reallocr.o)
                0x30015f3c                _realloc_r
 .text          0x30016430       0x30 C:\Program Files\CodeSourcery\Sourcery G++ Lite/arm-none-eabi/lib\libc.a(lib_a-s_isinfd.o)
                0x30016430                __isinfd
 .text          0x30016460       0x30 C:\Program Files\CodeSourcery\Sourcery G++ Lite/arm-none-eabi/lib\libc.a(lib_a-s_isnand.o)
                0x30016460                __isnand
 .text          0x30016490       0x40 C:\Program Files\CodeSourcery\Sourcery G++ Lite/arm-none-eabi/lib\libc.a(lib_a-sbrkr.o)
                0x30016490                _sbrk_r
 .text          0x300164d0       0x9c C:\Program Files\CodeSourcery\Sourcery G++ Lite/arm-none-eabi/lib\libc.a(lib_a-callocr.o)
                0x300164d0                _calloc_r
 .text          0x3001656c      0x12c C:\Program Files\CodeSourcery\Sourcery G++ Lite/arm-none-eabi/lib\libc.a(lib_a-memset.o)
                0x3001656c                memset
 .text          0x30016698      0x194 C:\Program Files\CodeSourcery\Sourcery G++ Lite/arm-none-eabi/lib\libc.a(lib_a-reent.o)
                0x30016698                _wrapup_reent
                0x30016708                cleanup_glue
                0x30016734                _reclaim_reent
 .text          0x3001682c      0x114 C:\Program Files\CodeSourcery\Sourcery G++ Lite/lib/gcc/arm-none-eabi/4.4.1\libgcc.a(_udivsi3.o)
                0x3001682c                __aeabi_uidiv
                0x3001682c                __udivsi3
                0x30016920                __aeabi_uidivmod
 .text          0x30016940      0x148 C:\Program Files\CodeSourcery\Sourcery G++ Lite/lib/gcc/arm-none-eabi/4.4.1\libgcc.a(_divsi3.o)
                0x30016940                __divsi3
                0x30016940                __aeabi_idiv
                0x30016a68                __aeabi_idivmod
 .text          0x30016a88        0x4 C:\Program Files\CodeSourcery\Sourcery G++ Lite/lib/gcc/arm-none-eabi/4.4.1\libgcc.a(_dvmd_tls.o)
                0x30016a88                __aeabi_idiv0
                0x30016a88                __aeabi_ldiv0
 .text          0x30016a8c      0x41c C:\Program Files\CodeSourcery\Sourcery G++ Lite/lib/gcc/arm-none-eabi/4.4.1\libgcc.a(_arm_addsubdf3.o)
                0x30016a8c                __aeabi_drsub
                0x30016a94                __aeabi_dsub
                0x30016a94                __subdf3
                0x30016a98                __aeabi_dadd
                0x30016a98                __adddf3
                0x30016da8                __floatunsidf
                0x30016da8                __aeabi_ui2d
                0x30016dcc                __floatsidf
                0x30016dcc                __aeabi_i2d
                0x30016df4                __aeabi_f2d
                0x30016df4                __extendsfdf2
                0x30016e34                __floatundidf
                0x30016e34                __aeabi_ul2d
                0x30016e48                __floatdidf
                0x30016e48                __aeabi_l2d
 .text          0x30016ea8      0x49c C:\Program Files\CodeSourcery\Sourcery G++ Lite/lib/gcc/arm-none-eabi/4.4.1\libgcc.a(_arm_muldivdf3.o)
                0x30016ea8                __aeabi_dmul
                0x30016ea8                __muldf3
                0x30017138                __divdf3
                0x30017138                __aeabi_ddiv
 .text          0x30017344      0x144 C:\Program Files\CodeSourcery\Sourcery G++ Lite/lib/gcc/arm-none-eabi/4.4.1\libgcc.a(_arm_cmpdf2.o)
                0x30017344                __gtdf2
                0x30017344                __gedf2
                0x3001734c                __ltdf2
                0x3001734c                __ledf2
                0x30017354                __nedf2
                0x30017354                __eqdf2
                0x30017354                __cmpdf2
                0x300173dc                __aeabi_cdrcmple
                0x300173f8                __aeabi_cdcmpeq
                0x300173f8                __aeabi_cdcmple
                0x30017410                __aeabi_dcmpeq
                0x30017428                __aeabi_dcmplt
                0x30017440                __aeabi_dcmple
                0x30017458                __aeabi_dcmpge
                0x30017470                __aeabi_dcmpgt
 .text          0x30017488       0x5c C:\Program Files\CodeSourcery\Sourcery G++ Lite/lib/gcc/arm-none-eabi/4.4.1\libgcc.a(_arm_fixdfsi.o)
                0x30017488                __aeabi_d2iz
                0x30017488                __fixdfsi
 .text          0x300174e4       0x54 C:\Program Files\CodeSourcery\Sourcery G++ Lite/lib/gcc/arm-none-eabi/4.4.1\libgcc.a(_arm_fixunsdfsi.o)
                0x300174e4                __aeabi_d2uiz
                0x300174e4                __fixunsdfsi
 .text          0x30017538       0xa0 C:\Program Files\CodeSourcery\Sourcery G++ Lite/lib/gcc/arm-none-eabi/4.4.1\libgcc.a(_arm_truncdfsf2.o)
                0x30017538                __truncdfsf2
                0x30017538                __aeabi_d2f
 .text          0x300175d8      0x2ac C:\Program Files\CodeSourcery\Sourcery G++ Lite/lib/gcc/arm-none-eabi/4.4.1\libgcc.a(_arm_addsubsf3.o)
                0x300175d8                __aeabi_frsub
                0x300175e0                __subsf3
                0x300175e0                __aeabi_fsub
                0x300175e4                __aeabi_fadd
                0x300175e4                __addsf3
                0x300177a0                __aeabi_ui2f
                0x300177a0                __floatunsisf
                0x300177a8                __aeabi_i2f
                0x300177a8                __floatsisf
                0x300177c8                __aeabi_ul2f
                0x300177c8                __floatundisf
                0x300177d8                __aeabi_l2f
                0x300177d8                __floatdisf
 .text          0x30017884      0x114 C:\Program Files\CodeSourcery\Sourcery G++ Lite/lib/gcc/arm-none-eabi/4.4.1\libgcc.a(_arm_cmpsf2.o)
                0x30017884                __gesf2
                0x30017884                __gtsf2
                0x3001788c                __lesf2
                0x3001788c                __ltsf2
                0x30017894                __nesf2
                0x30017894                __eqsf2
                0x30017894                __cmpsf2
                0x300178f8                __aeabi_cfrcmple
                0x30017908                __aeabi_cfcmpeq
                0x30017908                __aeabi_cfcmple
                0x30017920                __aeabi_fcmpeq
                0x30017938                __aeabi_fcmplt
                0x30017950                __aeabi_fcmple
                0x30017968                __aeabi_fcmpge
                0x30017980                __aeabi_fcmpgt
 .text          0x30017998       0x5c C:\Program Files\CodeSourcery\Sourcery G++ Lite/lib/gcc/arm-none-eabi/4.4.1\libgcc.a(_arm_fixsfsi.o)
                0x30017998                __aeabi_f2iz
                0x30017998                __fixsfsi
 .text          0x300179f4       0x3c C:\Program Files\CodeSourcery\Sourcery G++ Lite/lib/gcc/arm-none-eabi/4.4.1\libgcc.a(_aeabi_uldivmod.o)
                0x300179f4                __aeabi_uldivmod
 .text          0x30017a30       0x88 C:\Program Files\CodeSourcery\Sourcery G++ Lite/lib/gcc/arm-none-eabi/4.4.1\libgcc.a(bpabi.o)
                0x30017a30                __gnu_uldivmod_helper
                0x30017a74                __gnu_ldivmod_helper
 .text          0x30017ab8      0x490 C:\Program Files\CodeSourcery\Sourcery G++ Lite/lib/gcc/arm-none-eabi/4.4.1\libgcc.a(_divdi3.o)
                0x30017ab8                __divdi3
 .text          0x30017f48      0x43c C:\Program Files\CodeSourcery\Sourcery G++ Lite/lib/gcc/arm-none-eabi/4.4.1\libgcc.a(_udivdi3.o)
                0x30017f48                __udivdi3
 .text          0x30018384       0x48 C:\Program Files\CodeSourcery\Sourcery G++ Lite/lib/gcc/arm-none-eabi/4.4.1\libgcc.a(_clzsi2.o)
                0x30018384                __clzsi2
                0x300183cc                . = ALIGN (0x4)

.glue_7         0x300183cc        0x0
 .glue_7        0x00000000        0x0 linker stubs

.glue_7t        0x300183cc        0x0
 .glue_7t       0x00000000        0x0 linker stubs

.vfp11_veneer   0x300183cc        0x0
 .vfp11_veneer  0x00000000        0x0 linker stubs

.v4_bx          0x300183cc        0x0
 .v4_bx         0x00000000        0x0 linker stubs

.rodata         0x300183d0    0x1c1e4
                0x300183d0                __RO_BASE__ = .
 *(.rodata)
 .rodata        0x300183d0       0x74 Buzzer.o
 .rodata        0x30018444      0x410 Camera.o
 .rodata        0x30018854       0x80 Exception.o
                0x30018854                ISR_Vectors
 .rodata        0x300188d4     0x82bc Graphics.o
                0x300188dc                HanTable
                0x3001ce54                han16x16
                0x3001fb90                eng8x16
 .rodata        0x30020b90      0x128 IIS_Sound.o
 .rodata        0x30020cb8       0x10 Key.o
 .rodata        0x30020cc8       0x10 Timer.o
 .rodata        0x30020cd8    0x12e3c lcdControl.o
                0x30020cd8                repeatActive
                0x30020f64                repeat
                0x300211f0                shuffleActive
                0x3002147c                shuffle
                0x30021708                play
                0x30021e90                songTitles
                0x30021ef4                arrow2
                0x3002267c                arrow1
                0x30022e04                volume
                0x30023090                albumart1
                0x3002b294                albumart2
                0x30033ab0                songArtists
 .rodata        0x30033b14      0x5dc lyricsControl.o
                0x30033b14                lyricsTimestamp
                0x30033fc4                songLyricses
 .rodata        0x300340f0      0x104 C:\Program Files\CodeSourcery\Sourcery G++ Lite/arm-none-eabi/lib\libc.a(lib_a-ctype_.o)
                0x300340f0                _ctype_
 .rodata        0x300341f4       0x34 C:\Program Files\CodeSourcery\Sourcery G++ Lite/arm-none-eabi/lib\libc.a(lib_a-locale.o)
 .rodata        0x30034228        0x4 C:\Program Files\CodeSourcery\Sourcery G++ Lite/arm-none-eabi/lib\libc.a(lib_a-impure.o)
                0x30034228                _global_impure_ptr
 .rodata        0x3003422c       0x20 C:\Program Files\CodeSourcery\Sourcery G++ Lite/arm-none-eabi/lib\libc.a(lib_a-svfprintf.o)
 *fill*         0x3003424c        0x4 00
 .rodata        0x30034250      0x128 C:\Program Files\CodeSourcery\Sourcery G++ Lite/arm-none-eabi/lib\libc.a(lib_a-mprec.o)
                0x30034250                __mprec_tens
                0x30034328                __mprec_bigtens
                0x30034350                __mprec_tinytens
 *(.rodata.*)
 .rodata.str1.4
                0x30034378       0x72 Exception.o
                                 0x74 (size before relaxing)
 *fill*         0x300343ea        0x2 00
 .rodata.str1.4
                0x300343ec       0x22 IIS_Sound.o
                                 0x24 (size before relaxing)
 *fill*         0x3003440e        0x2 00
 .rodata.str1.4
                0x30034410       0x15 Main.o
                                 0x18 (size before relaxing)
 *fill*         0x30034425        0x3 00
 .rodata.str1.4
                0x30034428        0x4 Uart.o
 .rodata.str1.4
                0x3003442c      0x116 audioControl.o
                                0x118 (size before relaxing)
 *fill*         0x30034542        0x2 00
 .rodata.str1.4
                0x30034544        0x7 lcdControl.o
                                  0x8 (size before relaxing)
 .rodata.str1.4
                0x00000000        0x7 lyricsControl.o
                                  0x8 (size before relaxing)
 *fill*         0x3003454b        0x1 00
 .rodata.str1.4
                0x3003454c        0x2 runtime.o
                                  0x4 (size before relaxing)
 *fill*         0x3003454e        0x2 00
 .rodata.str1.4
                0x30034550        0xf C:\Program Files\CodeSourcery\Sourcery G++ Lite/arm-none-eabi/lib\libc.a(lib_a-locale.o)
                                 0x18 (size before relaxing)
 .rodata.str1.4
                0x00000000        0x4 C:\Program Files\CodeSourcery\Sourcery G++ Lite/arm-none-eabi/lib\libc.a(lib_a-impure.o)
 *fill*         0x3003455f        0x1 00
 .rodata.str1.4
                0x30034560       0x42 C:\Program Files\CodeSourcery\Sourcery G++ Lite/arm-none-eabi/lib\libc.a(lib_a-svfprintf.o)
                                 0x44 (size before relaxing)
 *fill*         0x300345a2        0x2 00
 .rodata.str1.4
                0x300345a4       0x10 C:\Program Files\CodeSourcery\Sourcery G++ Lite/arm-none-eabi/lib\libc.a(lib_a-dtoa.o)
                                 0x14 (size before relaxing)
                0x300345b4                . = ALIGN (0x4)
                0x300345b4                __RO_LIMIT__ = .

.ARM.extab      0x300345b4        0x0
 .ARM.extab     0x300345b4        0x0 C:\Program Files\CodeSourcery\Sourcery G++ Lite/lib/gcc/arm-none-eabi/4.4.1\libgcc.a(_divdi3.o)
 .ARM.extab     0x300345b4        0x0 C:\Program Files\CodeSourcery\Sourcery G++ Lite/lib/gcc/arm-none-eabi/4.4.1\libgcc.a(_udivdi3.o)

.ARM.exidx      0x300345b4        0x8
 .ARM.exidx     0x300345b4        0x8 C:\Program Files\CodeSourcery\Sourcery G++ Lite/lib/gcc/arm-none-eabi/4.4.1\libgcc.a(_divdi3.o)
 .ARM.exidx     0x300345bc        0x0 C:\Program Files\CodeSourcery\Sourcery G++ Lite/lib/gcc/arm-none-eabi/4.4.1\libgcc.a(_udivdi3.o)
                                  0x8 (size before relaxing)

.data           0x300345c0      0x910
                0x300345c0                __RW_BASE__ = .
 *(.data)
 .data          0x300345c0        0x0 Acc.o
 .data          0x300345c0        0x0 Adc.o
 .data          0x300345c0        0x0 Buzzer.o
 .data          0x300345c0        0x8 Camera.o
                0x300345c0                Width
                0x300345c4                Height
 .data          0x300345c8       0x90 Dma.o
                0x300345c8                DMASKTRIG
                0x300345d8                DISRC
                0x300345e8                DIDST
                0x300345f8                DISRCC
                0x30034608                DIDSTC
                0x30034618                DCON
                0x30034628                DSTAT
                0x30034638                DCSRC
                0x30034648                DCDST
 .data          0x30034658        0x0 Exception.o
 .data          0x30034658       0x10 Graphics.o
                0x30034658                Virtual_X
                0x3003465c                Virtual_Y
                0x30034660                Fb_Layer
                0x30034664                Fb_Frame
 .data          0x30034668        0x0 IIS_Sound.o
 .data          0x30034668        0x0 Key.o
 .data          0x30034668        0x0 Led.o
 .data          0x30034668        0x0 Main.o
 .data          0x30034668        0x0 Nand.o
 .data          0x30034668        0x0 Rtc.o
 .data          0x30034668        0x0 Timer.o
 .data          0x30034668        0x0 Uart.o
 .data          0x30034668        0x0 Wdt.o
 .data          0x30034668        0x4 audioControl.o
                0x30034668                vol
 .data          0x3003466c        0x8 lcdControl.o
                0x3003466c                albumArts
 .data          0x30034674        0x0 lyricsControl.o
 .data          0x30034674        0x0 mmu.o
 .data          0x30034674        0x4 runtime.o
 .data          0x30034678        0x0 2440slib.o
 .data          0x30034678        0x0 crt0.o
 .data          0x30034678        0x0 C:\Program Files\CodeSourcery\Sourcery G++ Lite/arm-none-eabi/lib\libc.a(lib_a-atoi.o)
 .data          0x30034678        0x8 C:\Program Files\CodeSourcery\Sourcery G++ Lite/arm-none-eabi/lib\libc.a(lib_a-ctype_.o)
                0x30034678                __ctype_ptr
                0x3003467c                __ctype_ptr__
 .data          0x30034680       0x10 C:\Program Files\CodeSourcery\Sourcery G++ Lite/arm-none-eabi/lib\libc.a(lib_a-locale.o)
                0x30034680                __mb_cur_max
                0x30034684                __lc_ctype
 .data          0x30034690        0x0 C:\Program Files\CodeSourcery\Sourcery G++ Lite/arm-none-eabi/lib\libc.a(lib_a-memcpy.o)
 .data          0x30034690        0x0 C:\Program Files\CodeSourcery\Sourcery G++ Lite/arm-none-eabi/lib\libc.a(lib_a-rand.o)
 .data          0x30034690        0x0 C:\Program Files\CodeSourcery\Sourcery G++ Lite/arm-none-eabi/lib\libc.a(lib_a-strcmp.o)
 .data          0x30034690        0x0 C:\Program Files\CodeSourcery\Sourcery G++ Lite/arm-none-eabi/lib\libc.a(lib_a-strlen.o)
 .data          0x30034690        0x0 C:\Program Files\CodeSourcery\Sourcery G++ Lite/arm-none-eabi/lib\libc.a(lib_a-strtok.o)
 .data          0x30034690        0x0 C:\Program Files\CodeSourcery\Sourcery G++ Lite/arm-none-eabi/lib\libc.a(lib_a-strtok_r.o)
 .data          0x30034690        0x0 C:\Program Files\CodeSourcery\Sourcery G++ Lite/arm-none-eabi/lib\libc.a(lib_a-strtol.o)
 .data          0x30034690        0x0 C:\Program Files\CodeSourcery\Sourcery G++ Lite/arm-none-eabi/lib\libc.a(lib_a-vsprintf.o)
 .data          0x30034690      0x430 C:\Program Files\CodeSourcery\Sourcery G++ Lite/arm-none-eabi/lib\libc.a(lib_a-impure.o)
                0x30034690                _impure_ptr
 .data          0x30034ac0        0x0 C:\Program Files\CodeSourcery\Sourcery G++ Lite/arm-none-eabi/lib\libc.a(lib_a-svfprintf.o)
 .data          0x30034ac0        0x0 C:\Program Files\CodeSourcery\Sourcery G++ Lite/arm-none-eabi/lib\libc.a(lib_a-dtoa.o)
 .data          0x30034ac0        0x0 C:\Program Files\CodeSourcery\Sourcery G++ Lite/arm-none-eabi/lib\libc.a(lib_a-freer.o)
 .data          0x30034ac0      0x410 C:\Program Files\CodeSourcery\Sourcery G++ Lite/arm-none-eabi/lib\libc.a(lib_a-mallocr.o)
                0x30034ac0                __malloc_av_
                0x30034ec8                __malloc_sbrk_base
                0x30034ecc                __malloc_trim_threshold
 .data          0x30034ed0        0x0 C:\Program Files\CodeSourcery\Sourcery G++ Lite/arm-none-eabi/lib\libc.a(lib_a-memchr.o)
 .data          0x30034ed0        0x0 C:\Program Files\CodeSourcery\Sourcery G++ Lite/arm-none-eabi/lib\libc.a(lib_a-memmove.o)
 .data          0x30034ed0        0x0 C:\Program Files\CodeSourcery\Sourcery G++ Lite/arm-none-eabi/lib\libc.a(lib_a-mlock.o)
 .data          0x30034ed0        0x0 C:\Program Files\CodeSourcery\Sourcery G++ Lite/arm-none-eabi/lib\libc.a(lib_a-mprec.o)
 .data          0x30034ed0        0x0 C:\Program Files\CodeSourcery\Sourcery G++ Lite/arm-none-eabi/lib\libc.a(lib_a-reallocr.o)
 .data          0x30034ed0        0x0 C:\Program Files\CodeSourcery\Sourcery G++ Lite/arm-none-eabi/lib\libc.a(lib_a-s_isinfd.o)
 .data          0x30034ed0        0x0 C:\Program Files\CodeSourcery\Sourcery G++ Lite/arm-none-eabi/lib\libc.a(lib_a-s_isnand.o)
 .data          0x30034ed0        0x0 C:\Program Files\CodeSourcery\Sourcery G++ Lite/arm-none-eabi/lib\libc.a(lib_a-sbrkr.o)
 .data          0x30034ed0        0x0 C:\Program Files\CodeSourcery\Sourcery G++ Lite/arm-none-eabi/lib\libc.a(lib_a-callocr.o)
 .data          0x30034ed0        0x0 C:\Program Files\CodeSourcery\Sourcery G++ Lite/arm-none-eabi/lib\libc.a(lib_a-memset.o)
 .data          0x30034ed0        0x0 C:\Program Files\CodeSourcery\Sourcery G++ Lite/arm-none-eabi/lib\libc.a(lib_a-reent.o)
 .data          0x30034ed0        0x0 C:\Program Files\CodeSourcery\Sourcery G++ Lite/lib/gcc/arm-none-eabi/4.4.1\libgcc.a(_udivsi3.o)
 .data          0x30034ed0        0x0 C:\Program Files\CodeSourcery\Sourcery G++ Lite/lib/gcc/arm-none-eabi/4.4.1\libgcc.a(_divsi3.o)
 .data          0x30034ed0        0x0 C:\Program Files\CodeSourcery\Sourcery G++ Lite/lib/gcc/arm-none-eabi/4.4.1\libgcc.a(_dvmd_tls.o)
 .data          0x30034ed0        0x0 C:\Program Files\CodeSourcery\Sourcery G++ Lite/lib/gcc/arm-none-eabi/4.4.1\libgcc.a(_arm_addsubdf3.o)
 .data          0x30034ed0        0x0 C:\Program Files\CodeSourcery\Sourcery G++ Lite/lib/gcc/arm-none-eabi/4.4.1\libgcc.a(_arm_muldivdf3.o)
 .data          0x30034ed0        0x0 C:\Program Files\CodeSourcery\Sourcery G++ Lite/lib/gcc/arm-none-eabi/4.4.1\libgcc.a(_arm_cmpdf2.o)
 .data          0x30034ed0        0x0 C:\Program Files\CodeSourcery\Sourcery G++ Lite/lib/gcc/arm-none-eabi/4.4.1\libgcc.a(_arm_fixdfsi.o)
 .data          0x30034ed0        0x0 C:\Program Files\CodeSourcery\Sourcery G++ Lite/lib/gcc/arm-none-eabi/4.4.1\libgcc.a(_arm_fixunsdfsi.o)
 .data          0x30034ed0        0x0 C:\Program Files\CodeSourcery\Sourcery G++ Lite/lib/gcc/arm-none-eabi/4.4.1\libgcc.a(_arm_truncdfsf2.o)
 .data          0x30034ed0        0x0 C:\Program Files\CodeSourcery\Sourcery G++ Lite/lib/gcc/arm-none-eabi/4.4.1\libgcc.a(_arm_addsubsf3.o)
 .data          0x30034ed0        0x0 C:\Program Files\CodeSourcery\Sourcery G++ Lite/lib/gcc/arm-none-eabi/4.4.1\libgcc.a(_arm_cmpsf2.o)
 .data          0x30034ed0        0x0 C:\Program Files\CodeSourcery\Sourcery G++ Lite/lib/gcc/arm-none-eabi/4.4.1\libgcc.a(_arm_fixsfsi.o)
 .data          0x30034ed0        0x0 C:\Program Files\CodeSourcery\Sourcery G++ Lite/lib/gcc/arm-none-eabi/4.4.1\libgcc.a(_aeabi_uldivmod.o)
 .data          0x30034ed0        0x0 C:\Program Files\CodeSourcery\Sourcery G++ Lite/lib/gcc/arm-none-eabi/4.4.1\libgcc.a(bpabi.o)
 .data          0x30034ed0        0x0 C:\Program Files\CodeSourcery\Sourcery G++ Lite/lib/gcc/arm-none-eabi/4.4.1\libgcc.a(_divdi3.o)
 .data          0x30034ed0        0x0 C:\Program Files\CodeSourcery\Sourcery G++ Lite/lib/gcc/arm-none-eabi/4.4.1\libgcc.a(_udivdi3.o)
 .data          0x30034ed0        0x0 C:\Program Files\CodeSourcery\Sourcery G++ Lite/lib/gcc/arm-none-eabi/4.4.1\libgcc.a(_clzsi2.o)
 *(.data.*)
                0x30034ed0                . = ALIGN (0x4)
                0x30034ed0                __RW_LIMIT__ = .
                0x00000910                __RW_SIZE__ = SIZEOF (.data)
                0x300345c0                __RW_LOAD_ADDR__ = LOADADDR (.data)

.bss            0x30034ed0      0x1f0
                0x30034ed0                __ZI_BASE__ = .
 *(.bss)
 .bss           0x30034ed0        0x0 Acc.o
 .bss           0x30034ed0        0x8 Adc.o
                0x30034ed0                Touch_x
                0x30034ed4                Touch_y
 .bss           0x30034ed8        0x0 Buzzer.o
 .bss           0x30034ed8       0x24 Camera.o
                0x30034ef0                LineSize
                0x30034ef4                FrameSize
                0x30034ef8                Cam_Frame_Buf
 .bss           0x30034efc        0x0 Dma.o
 .bss           0x30034efc       0x3c Exception.o
                0x30034efc                Wdt_timeout
                0x30034f00                RTC_tick
                0x30034f04                RTC_alarm
                0x30034f08                Timer0_time_out
                0x30034f0c                Rx_data
                0x30034f10                Rx_data_in
                0x30034f14                Key_push
                0x30034f18                Key_value
                0x30034f1c                DMA_complete
                0x30034f2c                Adc_complete
                0x30034f30                Adc_value
                0x30034f34                Touch_pressed
 .bss           0x30034f38       0x30 Graphics.o
                0x30034f38                Frame_Mode
                0x30034f3c                Display_frame
                0x30034f48                Selected_frame
                0x30034f4c                Trans_mode
                0x30034f50                Shape_mode
                0x30034f54                Shape_mode_color
                0x30034f58                Shape_back_image_mode
                0x30034f5c                Back_Image_Layer
                0x30034f60                Back_Image_Frame
                0x30034f64                Bit_per_pixel
 .bss           0x30034f68        0x0 IIS_Sound.o
 .bss           0x30034f68        0x0 Key.o
 .bss           0x30034f68        0x0 Led.o
 .bss           0x30034f68        0x0 Main.o
 .bss           0x30034f68        0x0 Nand.o
 .bss           0x30034f68        0x0 Rtc.o
 .bss           0x30034f68        0x0 Timer.o
 .bss           0x30034f68        0x0 Uart.o
 .bss           0x30034f68        0x0 Wdt.o
 .bss           0x30034f68       0x44 audioControl.o
                0x30034f68                shuffleOn
                0x30034f6c                repeatOn
                0x30034f70                sound
                0x30034f7c                Play_transfer_size
                0x30034f80                frame
                0x30034f84                address
                0x30034f88                p
                0x30034f90                dcon
                0x30034f94                lock
                0x30034f98                srcc
                0x30034f9c                dstc
                0x30034fa0                block
                0x30034fa4                offset
                0x30034fa8                size
 .bss           0x30034fac        0x0 lcdControl.o
 .bss           0x30034fac       0xd0 lyricsControl.o
                0x30034fac                currentLyrics
                0x30035074                timeStampIdx
                0x30035078                currentTimeStamps
 .bss           0x3003507c        0x0 mmu.o
 .bss           0x3003507c        0x0 runtime.o
 .bss           0x3003507c        0x0 2440slib.o
 .bss           0x3003507c        0x0 crt0.o
 .bss           0x3003507c        0x0 C:\Program Files\CodeSourcery\Sourcery G++ Lite/arm-none-eabi/lib\libc.a(lib_a-atoi.o)
 .bss           0x3003507c        0x0 C:\Program Files\CodeSourcery\Sourcery G++ Lite/arm-none-eabi/lib\libc.a(lib_a-ctype_.o)
 .bss           0x3003507c        0xc C:\Program Files\CodeSourcery\Sourcery G++ Lite/arm-none-eabi/lib\libc.a(lib_a-locale.o)
                0x3003507c                __nlocale_changed
                0x30035080                __mlocale_changed
                0x30035084                _PathLocale
 .bss           0x30035088        0x0 C:\Program Files\CodeSourcery\Sourcery G++ Lite/arm-none-eabi/lib\libc.a(lib_a-memcpy.o)
 .bss           0x30035088        0x0 C:\Program Files\CodeSourcery\Sourcery G++ Lite/arm-none-eabi/lib\libc.a(lib_a-rand.o)
 .bss           0x30035088        0x0 C:\Program Files\CodeSourcery\Sourcery G++ Lite/arm-none-eabi/lib\libc.a(lib_a-strcmp.o)
 .bss           0x30035088        0x0 C:\Program Files\CodeSourcery\Sourcery G++ Lite/arm-none-eabi/lib\libc.a(lib_a-strlen.o)
 .bss           0x30035088        0x0 C:\Program Files\CodeSourcery\Sourcery G++ Lite/arm-none-eabi/lib\libc.a(lib_a-strtok.o)
 .bss           0x30035088        0x0 C:\Program Files\CodeSourcery\Sourcery G++ Lite/arm-none-eabi/lib\libc.a(lib_a-strtok_r.o)
 .bss           0x30035088        0x0 C:\Program Files\CodeSourcery\Sourcery G++ Lite/arm-none-eabi/lib\libc.a(lib_a-strtol.o)
 .bss           0x30035088        0x0 C:\Program Files\CodeSourcery\Sourcery G++ Lite/arm-none-eabi/lib\libc.a(lib_a-vsprintf.o)
 .bss           0x30035088        0x0 C:\Program Files\CodeSourcery\Sourcery G++ Lite/arm-none-eabi/lib\libc.a(lib_a-impure.o)
 .bss           0x30035088        0x0 C:\Program Files\CodeSourcery\Sourcery G++ Lite/arm-none-eabi/lib\libc.a(lib_a-svfprintf.o)
 .bss           0x30035088        0x0 C:\Program Files\CodeSourcery\Sourcery G++ Lite/arm-none-eabi/lib\libc.a(lib_a-dtoa.o)
 .bss           0x30035088        0x0 C:\Program Files\CodeSourcery\Sourcery G++ Lite/arm-none-eabi/lib\libc.a(lib_a-freer.o)
 .bss           0x30035088       0x34 C:\Program Files\CodeSourcery\Sourcery G++ Lite/arm-none-eabi/lib\libc.a(lib_a-mallocr.o)
                0x30035088                __malloc_top_pad
                0x3003508c                __malloc_current_mallinfo
                0x300350b4                __malloc_max_sbrked_mem
                0x300350b8                __malloc_max_total_mem
 .bss           0x300350bc        0x0 C:\Program Files\CodeSourcery\Sourcery G++ Lite/arm-none-eabi/lib\libc.a(lib_a-memchr.o)
 .bss           0x300350bc        0x0 C:\Program Files\CodeSourcery\Sourcery G++ Lite/arm-none-eabi/lib\libc.a(lib_a-memmove.o)
 .bss           0x300350bc        0x0 C:\Program Files\CodeSourcery\Sourcery G++ Lite/arm-none-eabi/lib\libc.a(lib_a-mlock.o)
 .bss           0x300350bc        0x0 C:\Program Files\CodeSourcery\Sourcery G++ Lite/arm-none-eabi/lib\libc.a(lib_a-mprec.o)
 .bss           0x300350bc        0x0 C:\Program Files\CodeSourcery\Sourcery G++ Lite/arm-none-eabi/lib\libc.a(lib_a-reallocr.o)
 .bss           0x300350bc        0x0 C:\Program Files\CodeSourcery\Sourcery G++ Lite/arm-none-eabi/lib\libc.a(lib_a-s_isinfd.o)
 .bss           0x300350bc        0x0 C:\Program Files\CodeSourcery\Sourcery G++ Lite/arm-none-eabi/lib\libc.a(lib_a-s_isnand.o)
 .bss           0x300350bc        0x0 C:\Program Files\CodeSourcery\Sourcery G++ Lite/arm-none-eabi/lib\libc.a(lib_a-sbrkr.o)
 .bss           0x300350bc        0x0 C:\Program Files\CodeSourcery\Sourcery G++ Lite/arm-none-eabi/lib\libc.a(lib_a-callocr.o)
 .bss           0x300350bc        0x0 C:\Program Files\CodeSourcery\Sourcery G++ Lite/arm-none-eabi/lib\libc.a(lib_a-memset.o)
 .bss           0x300350bc        0x0 C:\Program Files\CodeSourcery\Sourcery G++ Lite/arm-none-eabi/lib\libc.a(lib_a-reent.o)
 .bss           0x300350bc        0x0 C:\Program Files\CodeSourcery\Sourcery G++ Lite/lib/gcc/arm-none-eabi/4.4.1\libgcc.a(_udivsi3.o)
 .bss           0x300350bc        0x0 C:\Program Files\CodeSourcery\Sourcery G++ Lite/lib/gcc/arm-none-eabi/4.4.1\libgcc.a(_divsi3.o)
 .bss           0x300350bc        0x0 C:\Program Files\CodeSourcery\Sourcery G++ Lite/lib/gcc/arm-none-eabi/4.4.1\libgcc.a(_dvmd_tls.o)
 .bss           0x300350bc        0x0 C:\Program Files\CodeSourcery\Sourcery G++ Lite/lib/gcc/arm-none-eabi/4.4.1\libgcc.a(_arm_addsubdf3.o)
 .bss           0x300350bc        0x0 C:\Program Files\CodeSourcery\Sourcery G++ Lite/lib/gcc/arm-none-eabi/4.4.1\libgcc.a(_arm_muldivdf3.o)
 .bss           0x300350bc        0x0 C:\Program Files\CodeSourcery\Sourcery G++ Lite/lib/gcc/arm-none-eabi/4.4.1\libgcc.a(_arm_cmpdf2.o)
 .bss           0x300350bc        0x0 C:\Program Files\CodeSourcery\Sourcery G++ Lite/lib/gcc/arm-none-eabi/4.4.1\libgcc.a(_arm_fixdfsi.o)
 .bss           0x300350bc        0x0 C:\Program Files\CodeSourcery\Sourcery G++ Lite/lib/gcc/arm-none-eabi/4.4.1\libgcc.a(_arm_fixunsdfsi.o)
 .bss           0x300350bc        0x0 C:\Program Files\CodeSourcery\Sourcery G++ Lite/lib/gcc/arm-none-eabi/4.4.1\libgcc.a(_arm_truncdfsf2.o)
 .bss           0x300350bc        0x0 C:\Program Files\CodeSourcery\Sourcery G++ Lite/lib/gcc/arm-none-eabi/4.4.1\libgcc.a(_arm_addsubsf3.o)
 .bss           0x300350bc        0x0 C:\Program Files\CodeSourcery\Sourcery G++ Lite/lib/gcc/arm-none-eabi/4.4.1\libgcc.a(_arm_cmpsf2.o)
 .bss           0x300350bc        0x0 C:\Program Files\CodeSourcery\Sourcery G++ Lite/lib/gcc/arm-none-eabi/4.4.1\libgcc.a(_arm_fixsfsi.o)
 .bss           0x300350bc        0x0 C:\Program Files\CodeSourcery\Sourcery G++ Lite/lib/gcc/arm-none-eabi/4.4.1\libgcc.a(_aeabi_uldivmod.o)
 .bss           0x300350bc        0x0 C:\Program Files\CodeSourcery\Sourcery G++ Lite/lib/gcc/arm-none-eabi/4.4.1\libgcc.a(bpabi.o)
 .bss           0x300350bc        0x0 C:\Program Files\CodeSourcery\Sourcery G++ Lite/lib/gcc/arm-none-eabi/4.4.1\libgcc.a(_divdi3.o)
 .bss           0x300350bc        0x0 C:\Program Files\CodeSourcery\Sourcery G++ Lite/lib/gcc/arm-none-eabi/4.4.1\libgcc.a(_udivdi3.o)
 .bss           0x300350bc        0x0 C:\Program Files\CodeSourcery\Sourcery G++ Lite/lib/gcc/arm-none-eabi/4.4.1\libgcc.a(_clzsi2.o)
 *(.bss.*)
                0x300350bc                . = ALIGN (0x4)
                0x300350bc                __ZI_LIMIT__ = .
 COMMON         0x300350bc        0x4 C:\Program Files\CodeSourcery\Sourcery G++ Lite/arm-none-eabi/lib\libc.a(lib_a-reent.o)
                0x300350bc                errno
                0x000001f0                __ZI_SIZE__ = SIZEOF (.bss)
OUTPUT(dram_0x30000000.axf elf32-littlearm)

.comment        0x00000000      0x387
 .comment       0x00000000       0x2b Acc.o
 .comment       0x0000002b       0x2b Adc.o
 .comment       0x00000056       0x2b Buzzer.o
 .comment       0x00000081       0x2b Camera.o
 .comment       0x000000ac       0x2b Dma.o
 .comment       0x000000d7       0x2b Exception.o
 .comment       0x00000102       0x2b Graphics.o
 .comment       0x0000012d       0x2b IIS_Sound.o
 .comment       0x00000158       0x2b Key.o
 .comment       0x00000183       0x2b Led.o
 .comment       0x000001ae       0x2b Main.o
 .comment       0x000001d9       0x2b Nand.o
 .comment       0x00000204       0x2b Rtc.o
 .comment       0x0000022f       0x2b Timer.o
 .comment       0x0000025a       0x2b Uart.o
 .comment       0x00000285       0x2b Wdt.o
 .comment       0x000002b0       0x2b audioControl.o
 .comment       0x000002db       0x2b lcdControl.o
 .comment       0x00000306       0x2b lyricsControl.o
 .comment       0x00000331       0x2b mmu.o
 .comment       0x0000035c       0x2b runtime.o

.ARM.attributes
                0x00000000       0x2f
 .ARM.attributes
                0x00000000       0x31 Acc.o
 .ARM.attributes
                0x00000031       0x31 Adc.o
 .ARM.attributes
                0x00000062       0x31 Buzzer.o
 .ARM.attributes
                0x00000093       0x31 Camera.o
 .ARM.attributes
                0x000000c4       0x31 Dma.o
 .ARM.attributes
                0x000000f5       0x31 Exception.o
 .ARM.attributes
                0x00000126       0x31 Graphics.o
 .ARM.attributes
                0x00000157       0x31 IIS_Sound.o
 .ARM.attributes
                0x00000188       0x31 Key.o
 .ARM.attributes
                0x000001b9       0x31 Led.o
 .ARM.attributes
                0x000001ea       0x31 Main.o
 .ARM.attributes
                0x0000021b       0x31 Nand.o
 .ARM.attributes
                0x0000024c       0x31 Rtc.o
 .ARM.attributes
                0x0000027d       0x31 Timer.o
 .ARM.attributes
                0x000002ae       0x31 Uart.o
 .ARM.attributes
                0x000002df       0x31 Wdt.o
 .ARM.attributes
                0x00000310       0x31 audioControl.o
 .ARM.attributes
                0x00000341       0x31 lcdControl.o
 .ARM.attributes
                0x00000372       0x31 lyricsControl.o
 .ARM.attributes
                0x000003a3       0x31 mmu.o
 .ARM.attributes
                0x000003d4       0x31 runtime.o
 .ARM.attributes
                0x00000405       0x21 2440slib.o
 .ARM.attributes
                0x00000426       0x21 crt0.o
 .ARM.attributes
                0x00000447       0x32 C:\Program Files\CodeSourcery\Sourcery G++ Lite/arm-none-eabi/lib\libc.a(lib_a-atoi.o)
 .ARM.attributes
                0x00000479       0x32 C:\Program Files\CodeSourcery\Sourcery G++ Lite/arm-none-eabi/lib\libc.a(lib_a-ctype_.o)
 .ARM.attributes
                0x000004ab       0x32 C:\Program Files\CodeSourcery\Sourcery G++ Lite/arm-none-eabi/lib\libc.a(lib_a-locale.o)
 .ARM.attributes
                0x000004dd       0x32 C:\Program Files\CodeSourcery\Sourcery G++ Lite/arm-none-eabi/lib\libc.a(lib_a-memcpy.o)
 .ARM.attributes
                0x0000050f       0x32 C:\Program Files\CodeSourcery\Sourcery G++ Lite/arm-none-eabi/lib\libc.a(lib_a-rand.o)
 .ARM.attributes
                0x00000541       0x32 C:\Program Files\CodeSourcery\Sourcery G++ Lite/arm-none-eabi/lib\libc.a(lib_a-strcmp.o)
 .ARM.attributes
                0x00000573       0x32 C:\Program Files\CodeSourcery\Sourcery G++ Lite/arm-none-eabi/lib\libc.a(lib_a-strlen.o)
 .ARM.attributes
                0x000005a5       0x32 C:\Program Files\CodeSourcery\Sourcery G++ Lite/arm-none-eabi/lib\libc.a(lib_a-strtok.o)
 .ARM.attributes
                0x000005d7       0x32 C:\Program Files\CodeSourcery\Sourcery G++ Lite/arm-none-eabi/lib\libc.a(lib_a-strtok_r.o)
 .ARM.attributes
                0x00000609       0x32 C:\Program Files\CodeSourcery\Sourcery G++ Lite/arm-none-eabi/lib\libc.a(lib_a-strtol.o)
 .ARM.attributes
                0x0000063b       0x32 C:\Program Files\CodeSourcery\Sourcery G++ Lite/arm-none-eabi/lib\libc.a(lib_a-vsprintf.o)
 .ARM.attributes
                0x0000066d       0x32 C:\Program Files\CodeSourcery\Sourcery G++ Lite/arm-none-eabi/lib\libc.a(lib_a-impure.o)
 .ARM.attributes
                0x0000069f       0x32 C:\Program Files\CodeSourcery\Sourcery G++ Lite/arm-none-eabi/lib\libc.a(lib_a-svfprintf.o)
 .ARM.attributes
                0x000006d1       0x32 C:\Program Files\CodeSourcery\Sourcery G++ Lite/arm-none-eabi/lib\libc.a(lib_a-dtoa.o)
 .ARM.attributes
                0x00000703       0x32 C:\Program Files\CodeSourcery\Sourcery G++ Lite/arm-none-eabi/lib\libc.a(lib_a-freer.o)
 .ARM.attributes
                0x00000735       0x32 C:\Program Files\CodeSourcery\Sourcery G++ Lite/arm-none-eabi/lib\libc.a(lib_a-mallocr.o)
 .ARM.attributes
                0x00000767       0x32 C:\Program Files\CodeSourcery\Sourcery G++ Lite/arm-none-eabi/lib\libc.a(lib_a-memchr.o)
 .ARM.attributes
                0x00000799       0x32 C:\Program Files\CodeSourcery\Sourcery G++ Lite/arm-none-eabi/lib\libc.a(lib_a-memmove.o)
 .ARM.attributes
                0x000007cb       0x32 C:\Program Files\CodeSourcery\Sourcery G++ Lite/arm-none-eabi/lib\libc.a(lib_a-mlock.o)
 .ARM.attributes
                0x000007fd       0x32 C:\Program Files\CodeSourcery\Sourcery G++ Lite/arm-none-eabi/lib\libc.a(lib_a-mprec.o)
 .ARM.attributes
                0x0000082f       0x32 C:\Program Files\CodeSourcery\Sourcery G++ Lite/arm-none-eabi/lib\libc.a(lib_a-reallocr.o)
 .ARM.attributes
                0x00000861       0x32 C:\Program Files\CodeSourcery\Sourcery G++ Lite/arm-none-eabi/lib\libc.a(lib_a-s_isinfd.o)
 .ARM.attributes
                0x00000893       0x32 C:\Program Files\CodeSourcery\Sourcery G++ Lite/arm-none-eabi/lib\libc.a(lib_a-s_isnand.o)
 .ARM.attributes
                0x000008c5       0x32 C:\Program Files\CodeSourcery\Sourcery G++ Lite/arm-none-eabi/lib\libc.a(lib_a-sbrkr.o)
 .ARM.attributes
                0x000008f7       0x32 C:\Program Files\CodeSourcery\Sourcery G++ Lite/arm-none-eabi/lib\libc.a(lib_a-callocr.o)
 .ARM.attributes
                0x00000929       0x32 C:\Program Files\CodeSourcery\Sourcery G++ Lite/arm-none-eabi/lib\libc.a(lib_a-memset.o)
 .ARM.attributes
                0x0000095b       0x32 C:\Program Files\CodeSourcery\Sourcery G++ Lite/arm-none-eabi/lib\libc.a(lib_a-reent.o)
 .ARM.attributes
                0x0000098d       0x1a C:\Program Files\CodeSourcery\Sourcery G++ Lite/lib/gcc/arm-none-eabi/4.4.1\libgcc.a(_udivsi3.o)
 .ARM.attributes
                0x000009a7       0x1a C:\Program Files\CodeSourcery\Sourcery G++ Lite/lib/gcc/arm-none-eabi/4.4.1\libgcc.a(_divsi3.o)
 .ARM.attributes
                0x000009c1       0x18 C:\Program Files\CodeSourcery\Sourcery G++ Lite/lib/gcc/arm-none-eabi/4.4.1\libgcc.a(_dvmd_tls.o)
 .ARM.attributes
                0x000009d9       0x1a C:\Program Files\CodeSourcery\Sourcery G++ Lite/lib/gcc/arm-none-eabi/4.4.1\libgcc.a(_arm_addsubdf3.o)
 .ARM.attributes
                0x000009f3       0x1a C:\Program Files\CodeSourcery\Sourcery G++ Lite/lib/gcc/arm-none-eabi/4.4.1\libgcc.a(_arm_muldivdf3.o)
 .ARM.attributes
                0x00000a0d       0x1a C:\Program Files\CodeSourcery\Sourcery G++ Lite/lib/gcc/arm-none-eabi/4.4.1\libgcc.a(_arm_cmpdf2.o)
 .ARM.attributes
                0x00000a27       0x1a C:\Program Files\CodeSourcery\Sourcery G++ Lite/lib/gcc/arm-none-eabi/4.4.1\libgcc.a(_arm_fixdfsi.o)
 .ARM.attributes
                0x00000a41       0x1a C:\Program Files\CodeSourcery\Sourcery G++ Lite/lib/gcc/arm-none-eabi/4.4.1\libgcc.a(_arm_fixunsdfsi.o)
 .ARM.attributes
                0x00000a5b       0x1a C:\Program Files\CodeSourcery\Sourcery G++ Lite/lib/gcc/arm-none-eabi/4.4.1\libgcc.a(_arm_truncdfsf2.o)
 .ARM.attributes
                0x00000a75       0x1a C:\Program Files\CodeSourcery\Sourcery G++ Lite/lib/gcc/arm-none-eabi/4.4.1\libgcc.a(_arm_addsubsf3.o)
 .ARM.attributes
                0x00000a8f       0x1a C:\Program Files\CodeSourcery\Sourcery G++ Lite/lib/gcc/arm-none-eabi/4.4.1\libgcc.a(_arm_cmpsf2.o)
 .ARM.attributes
                0x00000aa9       0x1a C:\Program Files\CodeSourcery\Sourcery G++ Lite/lib/gcc/arm-none-eabi/4.4.1\libgcc.a(_arm_fixsfsi.o)
 .ARM.attributes
                0x00000ac3       0x1a C:\Program Files\CodeSourcery\Sourcery G++ Lite/lib/gcc/arm-none-eabi/4.4.1\libgcc.a(_aeabi_uldivmod.o)
 .ARM.attributes
                0x00000add       0x32 C:\Program Files\CodeSourcery\Sourcery G++ Lite/lib/gcc/arm-none-eabi/4.4.1\libgcc.a(bpabi.o)
 .ARM.attributes
                0x00000b0f       0x32 C:\Program Files\CodeSourcery\Sourcery G++ Lite/lib/gcc/arm-none-eabi/4.4.1\libgcc.a(_divdi3.o)
 .ARM.attributes
                0x00000b41       0x32 C:\Program Files\CodeSourcery\Sourcery G++ Lite/lib/gcc/arm-none-eabi/4.4.1\libgcc.a(_udivdi3.o)
 .ARM.attributes
                0x00000b73       0x1a C:\Program Files\CodeSourcery\Sourcery G++ Lite/lib/gcc/arm-none-eabi/4.4.1\libgcc.a(_clzsi2.o)

.debug_frame    0x00000000      0x8e4
 .debug_frame   0x00000000       0x40 C:\Program Files\CodeSourcery\Sourcery G++ Lite/arm-none-eabi/lib\libc.a(lib_a-atoi.o)
 .debug_frame   0x00000040       0x6c C:\Program Files\CodeSourcery\Sourcery G++ Lite/arm-none-eabi/lib\libc.a(lib_a-locale.o)
 .debug_frame   0x000000ac       0x34 C:\Program Files\CodeSourcery\Sourcery G++ Lite/arm-none-eabi/lib\libc.a(lib_a-memcpy.o)
 .debug_frame   0x000000e0       0x3c C:\Program Files\CodeSourcery\Sourcery G++ Lite/arm-none-eabi/lib\libc.a(lib_a-rand.o)
 .debug_frame   0x0000011c       0x30 C:\Program Files\CodeSourcery\Sourcery G++ Lite/arm-none-eabi/lib\libc.a(lib_a-strcmp.o)
 .debug_frame   0x0000014c       0x20 C:\Program Files\CodeSourcery\Sourcery G++ Lite/arm-none-eabi/lib\libc.a(lib_a-strlen.o)
 .debug_frame   0x0000016c       0x28 C:\Program Files\CodeSourcery\Sourcery G++ Lite/arm-none-eabi/lib\libc.a(lib_a-strtok.o)
 .debug_frame   0x00000194       0x3c C:\Program Files\CodeSourcery\Sourcery G++ Lite/arm-none-eabi/lib\libc.a(lib_a-strtok_r.o)
 .debug_frame   0x000001d0       0x54 C:\Program Files\CodeSourcery\Sourcery G++ Lite/arm-none-eabi/lib\libc.a(lib_a-strtol.o)
 .debug_frame   0x00000224       0x44 C:\Program Files\CodeSourcery\Sourcery G++ Lite/arm-none-eabi/lib\libc.a(lib_a-vsprintf.o)
 .debug_frame   0x00000268       0x68 C:\Program Files\CodeSourcery\Sourcery G++ Lite/arm-none-eabi/lib\libc.a(lib_a-svfprintf.o)
 .debug_frame   0x000002d0       0x64 C:\Program Files\CodeSourcery\Sourcery G++ Lite/arm-none-eabi/lib\libc.a(lib_a-dtoa.o)
 .debug_frame   0x00000334       0x50 C:\Program Files\CodeSourcery\Sourcery G++ Lite/arm-none-eabi/lib\libc.a(lib_a-freer.o)
 .debug_frame   0x00000384       0x3c C:\Program Files\CodeSourcery\Sourcery G++ Lite/arm-none-eabi/lib\libc.a(lib_a-mallocr.o)
 .debug_frame   0x000003c0       0x28 C:\Program Files\CodeSourcery\Sourcery G++ Lite/arm-none-eabi/lib\libc.a(lib_a-memchr.o)
 .debug_frame   0x000003e8       0x2c C:\Program Files\CodeSourcery\Sourcery G++ Lite/arm-none-eabi/lib\libc.a(lib_a-memmove.o)
 .debug_frame   0x00000414       0x30 C:\Program Files\CodeSourcery\Sourcery G++ Lite/arm-none-eabi/lib\libc.a(lib_a-mlock.o)
 .debug_frame   0x00000444      0x228 C:\Program Files\CodeSourcery\Sourcery G++ Lite/arm-none-eabi/lib\libc.a(lib_a-mprec.o)
 .debug_frame   0x0000066c       0x3c C:\Program Files\CodeSourcery\Sourcery G++ Lite/arm-none-eabi/lib\libc.a(lib_a-reallocr.o)
 .debug_frame   0x000006a8       0x20 C:\Program Files\CodeSourcery\Sourcery G++ Lite/arm-none-eabi/lib\libc.a(lib_a-s_isinfd.o)
 .debug_frame   0x000006c8       0x28 C:\Program Files\CodeSourcery\Sourcery G++ Lite/arm-none-eabi/lib\libc.a(lib_a-s_isnand.o)
 .debug_frame   0x000006f0       0x2c C:\Program Files\CodeSourcery\Sourcery G++ Lite/arm-none-eabi/lib\libc.a(lib_a-sbrkr.o)
 .debug_frame   0x0000071c       0x28 C:\Program Files\CodeSourcery\Sourcery G++ Lite/arm-none-eabi/lib\libc.a(lib_a-callocr.o)
 .debug_frame   0x00000744       0x28 C:\Program Files\CodeSourcery\Sourcery G++ Lite/arm-none-eabi/lib\libc.a(lib_a-memset.o)
 .debug_frame   0x0000076c       0x68 C:\Program Files\CodeSourcery\Sourcery G++ Lite/arm-none-eabi/lib\libc.a(lib_a-reent.o)
 .debug_frame   0x000007d4       0x20 C:\Program Files\CodeSourcery\Sourcery G++ Lite/lib/gcc/arm-none-eabi/4.4.1\libgcc.a(_udivsi3.o)
 .debug_frame   0x000007f4       0x20 C:\Program Files\CodeSourcery\Sourcery G++ Lite/lib/gcc/arm-none-eabi/4.4.1\libgcc.a(_divsi3.o)
 .debug_frame   0x00000814       0x58 C:\Program Files\CodeSourcery\Sourcery G++ Lite/lib/gcc/arm-none-eabi/4.4.1\libgcc.a(bpabi.o)
 .debug_frame   0x0000086c       0x3c C:\Program Files\CodeSourcery\Sourcery G++ Lite/lib/gcc/arm-none-eabi/4.4.1\libgcc.a(_divdi3.o)
 .debug_frame   0x000008a8       0x3c C:\Program Files\CodeSourcery\Sourcery G++ Lite/lib/gcc/arm-none-eabi/4.4.1\libgcc.a(_udivdi3.o)

Cross Reference Table

Symbol                                            File
ADC_ISR                                           Exception.o
ADC_ISR_Init                                      Adc.o
ADC_Start                                         Adc.o
Adc_complete                                      Exception.o
Adc_value                                         Exception.o
Back_Image_Frame                                  Graphics.o
Back_Image_Layer                                  Graphics.o
Bit_per_pixel                                     Graphics.o
CAM_Camera_Init                                   Camera.o
CAM_Capture_Pause                                 Camera.o
CAM_Capture_Restart                               Camera.o
CAM_Capture_Run                                   Camera.o
CAM_Capture_Stop                                  Camera.o
CAM_Check_Image_Ready                             Camera.o
CAM_Get_Capture_Status                            Camera.o
CAM_Get_Image_Address                             Camera.o
CAM_IIC_Delay                                     Camera.o
CAM_IIC_In_Bit                                    Camera.o
CAM_IIC_In_Byte                                   Camera.o
CAM_IIC_In_Data                                   Camera.o
CAM_IIC_Out_Bit                                   Camera.o
CAM_IIC_Out_Byte                                  Camera.o
CAM_IIC_Out_Clock                                 Camera.o
CAM_IIC_Out_Data                                  Camera.o
CAM_IIC_Read                                      Camera.o
CAM_IIC_Set_Input                                 Camera.o
CAM_IIC_Set_Output                                Camera.o
CAM_IIC_Start                                     Camera.o
CAM_IIC_Stop                                      Camera.o
CAM_IIC_Write                                     Camera.o
CAM_ISR                                           Exception.o
CAM_If_Reset                                      Camera.o
CAM_Init                                          Camera.o
CAM_Interrupt_Enable                              Camera.o
CAM_Module_Init                                   Camera.o
CAM_Port_Init                                     Camera.o
CAM_Sensor_Enable                                 Camera.o
CAM_Set_Capture_Status                            Camera.o
                                                  Exception.o
CAM_XY_Flip                                       Camera.o
CLR_IF                                            2440slib.o
CalculatePrescalerRatioShift                      Camera.o
Cam_Frame_Buf                                     Camera.o
Check_Remap_Address                               Nand.o
Check_Remap_Block                                 Nand.o
DCDST                                             Dma.o
DCON                                              Dma.o
DCSRC                                             Dma.o
DIDST                                             Dma.o
DIDSTC                                            Dma.o
DISRC                                             Dma.o
DISRCC                                            Dma.o
DMA0_ISR                                          Exception.o
DMA1_ISR                                          Exception.o
DMA2_ISR                                          Exception.o
DMA3_ISR                                          Exception.o
DMASKTRIG                                         Dma.o
DMA_Start                                         Dma.o
                                                  audioControl.o
DMA_Stop                                          Dma.o
                                                  IIS_Sound.o
                                                  Exception.o
DMA_Timer_Select                                  Dma.o
DMA_Uart0_Ch0_Select                              Dma.o
DMA_Uart1_Ch1_Select                              Dma.o
DMA_Uart2_Ch3_Select                              Dma.o
DMA_complete                                      Exception.o
                                                  audioControl.o
DSTAT                                             Dma.o
Dabort_Handler                                    Exception.o
                                                  crt0.o
Display_frame                                     Graphics.o
EINT0_ISR                                         Exception.o
EINT4_7_ISR                                       Exception.o
FIQ_Handler                                       Exception.o
                                                  crt0.o
Fb_Frame                                          Graphics.o
Fb_Layer                                          Graphics.o
Format_Nand_Erase_Block                           Nand.o
Format_Nand_Read_Block                            Nand.o
Format_Nand_Read_Bytes                            Nand.o
Format_Nand_Read_Page                             Nand.o
Format_Nand_Verify_Block                          Nand.o
Format_Nand_Verify_Erased_Block                   Nand.o
Format_Nand_Verify_Erased_Page                    Nand.o
Format_Nand_Verify_Page                           Nand.o
Format_Nand_Write_Block                           Nand.o
Format_Nand_Write_Page                            Nand.o
FrameSize                                         Camera.o
Frame_Mode                                        Graphics.o
Get_Heap_Base                                     runtime.o
                                                  audioControl.o
Get_Heap_Limit                                    runtime.o
Get_Stack_Base                                    runtime.o
Get_Stack_Limit                                   runtime.o
HanTable                                          Graphics.o
HandlerIRQ                                        crt0.o
Height                                            Camera.o
ISR_Vectors                                       Exception.o
                                                  crt0.o
Invalid_ISR                                       Exception.o
Key_Get_Pressed                                   Key.o
                                                  Exception.o
Key_Get_Pressed_Multi                             Key.o
Key_ISR_Enable                                    Key.o
                                                  Main.o
Key_ISR_Init                                      Key.o
                                                  Main.o
                                                  Exception.o
Key_Poll_Init                                     Key.o
Key_Push_ISR_Enable                               Key.o
                                                  Main.o
Key_Push_ISR_Init                                 Key.o
                                                  Main.o
Key_Wait_Key_Pressed                              Key.o
Key_Wait_Key_Pressed_Multi                        Key.o
Key_Wait_Key_Released                             Key.o
Key_Wait_Key_Released_Multi                       Key.o
Key_push                                          Exception.o
Key_value                                         Exception.o
                                                  audioControl.o
Lcd_Clr_Screen                                    Graphics.o
                                                  lcdControl.o
Lcd_Control_Brightness                            Graphics.o
Lcd_Draw_BMP                                      Graphics.o
                                                  lcdControl.o
Lcd_Draw_BMP_File_24bpp                           Graphics.o
Lcd_Draw_BMP_Tile                                 Graphics.o
Lcd_Draw_Backup_24bpp                             Graphics.o
Lcd_Draw_Bar                                      Graphics.o
                                                  lyricsControl.o
                                                  lcdControl.o
Lcd_Draw_Cam_Image                                Graphics.o
Lcd_Draw_Cam_Image_Large                          Graphics.o
Lcd_Draw_Hline                                    Graphics.o
                                                  lcdControl.o
Lcd_Draw_Image                                    Graphics.o
Lcd_Draw_Image_Tile                               Graphics.o
Lcd_Draw_Line                                     Graphics.o
Lcd_Draw_Rect                                     Graphics.o
Lcd_Draw_Vline                                    Graphics.o
Lcd_Eng_Putch                                     Graphics.o
Lcd_Envid_On_Off                                  Graphics.o
Lcd_Get_Info_BMP                                  Graphics.o
Lcd_Get_Pixel_24bpp                               Graphics.o
Lcd_Graphic_Init                                  Graphics.o
                                                  Main.o
Lcd_Han_Putch                                     Graphics.o
Lcd_Init                                          Graphics.o
Lcd_Port_Init                                     Graphics.o
Lcd_Power_Enable                                  Graphics.o
Lcd_Printf                                        Graphics.o
                                                  lyricsControl.o
                                                  lcdControl.o
Lcd_Put_Cam_Pixel                                 Graphics.o
Lcd_Put_Pixel                                     Graphics.o
Lcd_Puts                                          Graphics.o
Lcd_Reset                                         Graphics.o
Lcd_Save_Backup_24bpp                             Graphics.o
Lcd_Select_Buffer_Mode                            Graphics.o
Lcd_Select_Display_Frame_Buffer                   Graphics.o
Lcd_Select_Draw_Frame_Buffer                      Graphics.o
Lcd_Set_Address                                   Graphics.o
Lcd_Set_Shape_Back_Image_Mode                     Graphics.o
Lcd_Set_Shape_Mode                                Graphics.o
                                                  lcdControl.o
Lcd_Set_Trans_Mode                                Graphics.o
Lcd_Set_Virtual_Display_Start                     Graphics.o
Lcd_Wait_Blank                                    Graphics.o
Led_Display                                       Led.o
Led_Init                                          Led.o
                                                  Main.o
LineSize                                          Camera.o
MMU_CleanDCacheIndex                              2440slib.o
MMU_CleanDCacheMVA                                2440slib.o
MMU_CleanInvalidateDCacheIndex                    2440slib.o
                                                  mmu.o
MMU_CleanInvalidateDCacheMVA                      2440slib.o
MMU_DisableAlignFault                             2440slib.o
MMU_DisableDCache                                 2440slib.o
                                                  mmu.o
MMU_DisableICache                                 2440slib.o
                                                  mmu.o
MMU_DisableMMU                                    2440slib.o
                                                  mmu.o
MMU_EnableAlignFault                              2440slib.o
                                                  mmu.o
MMU_EnableDCache                                  2440slib.o
                                                  mmu.o
MMU_EnableICache                                  2440slib.o
                                                  mmu.o
MMU_EnableMMU                                     2440slib.o
                                                  mmu.o
MMU_Init                                          mmu.o
                                                  crt0.o
MMU_InvalidateDCache                              2440slib.o
MMU_InvalidateDCacheMVA                           2440slib.o
MMU_InvalidateDTLB                                2440slib.o
MMU_InvalidateDTLBMVA                             2440slib.o
MMU_InvalidateICache                              2440slib.o
                                                  mmu.o
MMU_InvalidateICacheMVA                           2440slib.o
MMU_InvalidateIDCache                             2440slib.o
MMU_InvalidateITLB                                2440slib.o
MMU_InvalidateITLBMVA                             2440slib.o
MMU_InvalidateTLB                                 2440slib.o
                                                  mmu.o
MMU_PrefetchICacheMVA                             2440slib.o
MMU_SetAsyncBusMode                               2440slib.o
MMU_SetDCacheLockdownBase                         2440slib.o
MMU_SetDTLBLockdown                               2440slib.o
MMU_SetDomain                                     2440slib.o
                                                  mmu.o
MMU_SetFastBusMode                                2440slib.o
MMU_SetICacheLockdownBase                         2440slib.o
MMU_SetITLBLockdown                               2440slib.o
MMU_SetMTT                                        mmu.o
MMU_SetProcessId                                  2440slib.o
                                                  mmu.o
MMU_SetTTBase                                     2440slib.o
                                                  mmu.o
MMU_WaitForInterrupt                              2440slib.o
Main                                              Main.o
                                                  crt0.o
NF8_Read_nByte_SA                                 Nand.o
Nand_Addr_2_Page                                  Nand.o
Nand_Check_Device                                 Nand.o
Nand_Erase_Block                                  Nand.o
Nand_Init                                         Nand.o
                                                  Main.o
Nand_Page_2_Addr                                  Nand.o
                                                  audioControl.o
Nand_Read                                         Nand.o
                                                  audioControl.o
Nand_Read_Block                                   Nand.o
Nand_Read_Bytes                                   Nand.o
Nand_Read_Page                                    Nand.o
Nand_Read_Small_Area                              Nand.o
Nand_Reset                                        Nand.o
Nand_Verify                                       Nand.o
Nand_Verify_Block                                 Nand.o
Nand_Verify_Bytes                                 Nand.o
Nand_Verify_Erased                                Nand.o
Nand_Verify_Erased_Block                          Nand.o
Nand_Verify_Erased_Page                           Nand.o
Nand_Verify_Erased_Small_Area                     Nand.o
Nand_Verify_Page                                  Nand.o
Nand_Verify_Small_Area                            Nand.o
Nand_Write                                        Nand.o
Nand_Write_Block                                  Nand.o
Nand_Write_Bytes                                  Nand.o
Nand_Write_Page                                   Nand.o
Nand_Write_Small_Area                             Nand.o
Pabort_Handler                                    Exception.o
                                                  crt0.o
Play_transfer_size                                audioControl.o
RTC_Get_Alarm                                     Rtc.o
RTC_Get_Time                                      Rtc.o
RTC_ISR                                           Exception.o
RTC_Set_Alarm                                     Rtc.o
RTC_Set_Alarm_Enable                              Rtc.o
RTC_Set_Time                                      Rtc.o
RTC_Tick_ISR                                      Exception.o
RTC_Tick_ISR_Enable                               Rtc.o
RTC_alarm                                         Exception.o
RTC_tick                                          Exception.o
Read_WAV_From_Nand                                audioControl.o
Run_Time_Config                                   runtime.o
                                                  crt0.o
Rx_data                                           Exception.o
Rx_data_in                                        Exception.o
SET_IF                                            2440slib.o
SPI0_LCD_Init                                     Graphics.o
SPI0_LCD_Write                                    Graphics.o
SPI1_ACC_Read_ID                                  Acc.o
SPI1_ACC_Read_Status                              Acc.o
SPI1_ACC_Read_X                                   Acc.o
SPI1_ACC_Read_XYZ                                 Acc.o
SPI1_ACC_Read_Y                                   Acc.o
SPI1_ACC_Read_Z                                   Acc.o
SPI1_Acc_Init                                     Acc.o
SPI1_Acc_Read                                     Acc.o
SPI1_Acc_Write                                    Acc.o
SWI_Handler                                       Exception.o
                                                  crt0.o
Selected_frame                                    Graphics.o
Shape_back_image_mode                             Graphics.o
Shape_mode                                        Graphics.o
Shape_mode_color                                  Graphics.o
Sound_Control_Headphone_Volume                    IIS_Sound.o
                                                  audioControl.o
Sound_Control_Output_Select                       IIS_Sound.o
Sound_Control_Soft_Mute                           IIS_Sound.o
                                                  audioControl.o
Sound_Control_Speaker_Volume                      IIS_Sound.o
Sound_Get_WAV_Info                                IIS_Sound.o
                                                  audioControl.o
Sound_IIS_Start                                   IIS_Sound.o
                                                  audioControl.o
Sound_Init                                        IIS_Sound.o
                                                  Main.o
Sound_Play_Pause                                  IIS_Sound.o
                                                  audioControl.o
Sound_Set_Mode                                    IIS_Sound.o
                                                  audioControl.o
Sound_Set_Sampling_Rate                           IIS_Sound.o
                                                  audioControl.o
Sound_Set_Tempo                                   IIS_Sound.o
Sound_Stop_Sound                                  IIS_Sound.o
                                                  audioControl.o
TIMER0_ISR                                        Exception.o
Timer0_Check_Timeout                              Timer.o
Timer0_Delay                                      Timer.o
                                                  Buzzer.o
Timer0_Delay_ISR_Enable                           Timer.o
                                                  audioControl.o
Timer0_Repeat                                     Timer.o
Timer0_Repeat_ISR_Enable                          Timer.o
Timer0_Set_Time                                   Timer.o
Timer0_Stop                                       Timer.o
Timer0_Stop_Watch_Run                             Timer.o
Timer0_Stop_Watch_Run_Unlimited                   Timer.o
Timer0_Stop_Watch_Stop                            Timer.o
Timer0_Stop_Watch_Stop_Unlimited                  Timer.o
Timer0_time_out                                   Exception.o
                                                  audioControl.o
Timer1_Stopwatch_Run                              Timer.o
Timer1_Stopwatch_Stop                             Timer.o
Timer3_Buzzer_Beep                                Buzzer.o
Timer3_Buzzer_Init                                Buzzer.o
Timer4_Delay                                      Timer.o
Timer4_Init                                       Timer.o
Touch_Get_Data                                    Adc.o
Touch_Get_Position                                Adc.o
                                                  Exception.o
Touch_ISR_Enable                                  Adc.o
Touch_Set_Wait_For_Release                        Adc.o
Touch_pressed                                     Exception.o
Touch_x                                           Adc.o
Touch_y                                           Adc.o
Trace_Nand_Remap                                  Nand.o
Trans_mode                                        Graphics.o
UART0_ISR                                         Exception.o
Uart_GetIntNum                                    Uart.o
                                                  audioControl.o
Uart_GetString                                    Uart.o
Uart_Get_Char                                     Uart.o
Uart_Get_Pressed                                  Uart.o
Uart_ISR_Enable                                   Uart.o
Uart_Init                                         Uart.o
                                                  Main.o
Uart_Printf                                       Uart.o
                                                  audioControl.o
                                                  Main.o
                                                  IIS_Sound.o
                                                  Exception.o
Uart_Send_Byte                                    Uart.o
Uart_Send_String                                  Uart.o
Undef_Handler                                     Exception.o
                                                  crt0.o
User_Main                                         Main.o
Virtual_X                                         Graphics.o
Virtual_Y                                         Graphics.o
WDT_Clear                                         Wdt.o
WDT_ISR                                           Exception.o
WDT_ISR_Enable                                    Wdt.o
WDT_Reset_Enable                                  Wdt.o
WDT_Start                                         Wdt.o
WM8973_IIC_Write                                  IIS_Sound.o
WM8973_Init                                       IIS_Sound.o
WR_IF                                             2440slib.o
Wdt_timeout                                       Exception.o
Width                                             Camera.o
_Balloc                                           C:\Program Files\CodeSourcery\Sourcery G++ Lite/arm-none-eabi/lib\libc.a(lib_a-mprec.o)
                                                  C:\Program Files\CodeSourcery\Sourcery G++ Lite/arm-none-eabi/lib\libc.a(lib_a-dtoa.o)
_Bfree                                            C:\Program Files\CodeSourcery\Sourcery G++ Lite/arm-none-eabi/lib\libc.a(lib_a-mprec.o)
                                                  C:\Program Files\CodeSourcery\Sourcery G++ Lite/arm-none-eabi/lib\libc.a(lib_a-dtoa.o)
_PathLocale                                       C:\Program Files\CodeSourcery\Sourcery G++ Lite/arm-none-eabi/lib\libc.a(lib_a-locale.o)
__ZI_BASE__                                       crt0.o
__ZI_LIMIT__                                      crt0.o
__adddf3                                          C:\Program Files\CodeSourcery\Sourcery G++ Lite/lib/gcc/arm-none-eabi/4.4.1\libgcc.a(_arm_addsubdf3.o)
__addsf3                                          C:\Program Files\CodeSourcery\Sourcery G++ Lite/lib/gcc/arm-none-eabi/4.4.1\libgcc.a(_arm_addsubsf3.o)
__aeabi_cdcmpeq                                   C:\Program Files\CodeSourcery\Sourcery G++ Lite/lib/gcc/arm-none-eabi/4.4.1\libgcc.a(_arm_cmpdf2.o)
__aeabi_cdcmple                                   C:\Program Files\CodeSourcery\Sourcery G++ Lite/lib/gcc/arm-none-eabi/4.4.1\libgcc.a(_arm_cmpdf2.o)
__aeabi_cdrcmple                                  C:\Program Files\CodeSourcery\Sourcery G++ Lite/lib/gcc/arm-none-eabi/4.4.1\libgcc.a(_arm_cmpdf2.o)
__aeabi_cfcmpeq                                   C:\Program Files\CodeSourcery\Sourcery G++ Lite/lib/gcc/arm-none-eabi/4.4.1\libgcc.a(_arm_cmpsf2.o)
__aeabi_cfcmple                                   C:\Program Files\CodeSourcery\Sourcery G++ Lite/lib/gcc/arm-none-eabi/4.4.1\libgcc.a(_arm_cmpsf2.o)
__aeabi_cfrcmple                                  C:\Program Files\CodeSourcery\Sourcery G++ Lite/lib/gcc/arm-none-eabi/4.4.1\libgcc.a(_arm_cmpsf2.o)
__aeabi_d2f                                       C:\Program Files\CodeSourcery\Sourcery G++ Lite/lib/gcc/arm-none-eabi/4.4.1\libgcc.a(_arm_truncdfsf2.o)
                                                  audioControl.o
__aeabi_d2iz                                      C:\Program Files\CodeSourcery\Sourcery G++ Lite/lib/gcc/arm-none-eabi/4.4.1\libgcc.a(_arm_fixdfsi.o)
                                                  C:\Program Files\CodeSourcery\Sourcery G++ Lite/arm-none-eabi/lib\libc.a(lib_a-dtoa.o)
                                                  Timer.o
__aeabi_d2uiz                                     C:\Program Files\CodeSourcery\Sourcery G++ Lite/lib/gcc/arm-none-eabi/4.4.1\libgcc.a(_arm_fixunsdfsi.o)
                                                  Uart.o
                                                  Rtc.o
__aeabi_dadd                                      C:\Program Files\CodeSourcery\Sourcery G++ Lite/lib/gcc/arm-none-eabi/4.4.1\libgcc.a(_arm_addsubdf3.o)
                                                  C:\Program Files\CodeSourcery\Sourcery G++ Lite/arm-none-eabi/lib\libc.a(lib_a-dtoa.o)
                                                  Uart.o
                                                  Timer.o
                                                  IIS_Sound.o
__aeabi_dcmpeq                                    C:\Program Files\CodeSourcery\Sourcery G++ Lite/lib/gcc/arm-none-eabi/4.4.1\libgcc.a(_arm_cmpdf2.o)
                                                  C:\Program Files\CodeSourcery\Sourcery G++ Lite/arm-none-eabi/lib\libc.a(lib_a-dtoa.o)